Archive member included to satisfy reference by file (symbol)

d:/programme/st/stm32cubeide_1.9.0/stm32cubeide/plugins/com.st.stm32cube.ide.mcu.externaltools.gnu-tools-for-stm32.10.3-2021.10.win32_1.0.200.202301161003/tools/bin/../lib/gcc/arm-none-eabi/10.3.1/../../../../arm-none-eabi/lib/thumb/v8-m.main+fp/hard\libc_nano.a(lib_a-errno.o)
                              ./Core/Src/syscalls.o (__errno)
d:/programme/st/stm32cubeide_1.9.0/stm32cubeide/plugins/com.st.stm32cube.ide.mcu.externaltools.gnu-tools-for-stm32.10.3-2021.10.win32_1.0.200.202301161003/tools/bin/../lib/gcc/arm-none-eabi/10.3.1/../../../../arm-none-eabi/lib/thumb/v8-m.main+fp/hard\libc_nano.a(lib_a-exit.o)
                              d:/programme/st/stm32cubeide_1.9.0/stm32cubeide/plugins/com.st.stm32cube.ide.mcu.externaltools.gnu-tools-for-stm32.10.3-2021.10.win32_1.0.200.202301161003/tools/bin/../lib/gcc/arm-none-eabi/10.3.1/../../../../arm-none-eabi/lib/thumb/v8-m.main+fp/hard/crt0.o (exit)
d:/programme/st/stm32cubeide_1.9.0/stm32cubeide/plugins/com.st.stm32cube.ide.mcu.externaltools.gnu-tools-for-stm32.10.3-2021.10.win32_1.0.200.202301161003/tools/bin/../lib/gcc/arm-none-eabi/10.3.1/../../../../arm-none-eabi/lib/thumb/v8-m.main+fp/hard\libc_nano.a(lib_a-impure.o)
                              d:/programme/st/stm32cubeide_1.9.0/stm32cubeide/plugins/com.st.stm32cube.ide.mcu.externaltools.gnu-tools-for-stm32.10.3-2021.10.win32_1.0.200.202301161003/tools/bin/../lib/gcc/arm-none-eabi/10.3.1/../../../../arm-none-eabi/lib/thumb/v8-m.main+fp/hard\libc_nano.a(lib_a-exit.o) (_global_impure_ptr)
d:/programme/st/stm32cubeide_1.9.0/stm32cubeide/plugins/com.st.stm32cube.ide.mcu.externaltools.gnu-tools-for-stm32.10.3-2021.10.win32_1.0.200.202301161003/tools/bin/../lib/gcc/arm-none-eabi/10.3.1/../../../../arm-none-eabi/lib/thumb/v8-m.main+fp/hard\libc_nano.a(lib_a-init.o)
                              d:/programme/st/stm32cubeide_1.9.0/stm32cubeide/plugins/com.st.stm32cube.ide.mcu.externaltools.gnu-tools-for-stm32.10.3-2021.10.win32_1.0.200.202301161003/tools/bin/../lib/gcc/arm-none-eabi/10.3.1/../../../../arm-none-eabi/lib/thumb/v8-m.main+fp/hard/crt0.o (__libc_init_array)
d:/programme/st/stm32cubeide_1.9.0/stm32cubeide/plugins/com.st.stm32cube.ide.mcu.externaltools.gnu-tools-for-stm32.10.3-2021.10.win32_1.0.200.202301161003/tools/bin/../lib/gcc/arm-none-eabi/10.3.1/../../../../arm-none-eabi/lib/thumb/v8-m.main+fp/hard\libc_nano.a(lib_a-memset.o)
                              d:/programme/st/stm32cubeide_1.9.0/stm32cubeide/plugins/com.st.stm32cube.ide.mcu.externaltools.gnu-tools-for-stm32.10.3-2021.10.win32_1.0.200.202301161003/tools/bin/../lib/gcc/arm-none-eabi/10.3.1/../../../../arm-none-eabi/lib/thumb/v8-m.main+fp/hard/crt0.o (memset)
d:/programme/st/stm32cubeide_1.9.0/stm32cubeide/plugins/com.st.stm32cube.ide.mcu.externaltools.gnu-tools-for-stm32.10.3-2021.10.win32_1.0.200.202301161003/tools/bin/../lib/gcc/arm-none-eabi/10.3.1/thumb/v8-m.main+fp/hard\libgcc.a(_aeabi_uldivmod.o)
                              ./Drivers/STM32H5xx_HAL_Driver/Src/stm32h5xx_hal_uart.o (__aeabi_uldivmod)
d:/programme/st/stm32cubeide_1.9.0/stm32cubeide/plugins/com.st.stm32cube.ide.mcu.externaltools.gnu-tools-for-stm32.10.3-2021.10.win32_1.0.200.202301161003/tools/bin/../lib/gcc/arm-none-eabi/10.3.1/thumb/v8-m.main+fp/hard\libgcc.a(_udivmoddi4.o)
                              d:/programme/st/stm32cubeide_1.9.0/stm32cubeide/plugins/com.st.stm32cube.ide.mcu.externaltools.gnu-tools-for-stm32.10.3-2021.10.win32_1.0.200.202301161003/tools/bin/../lib/gcc/arm-none-eabi/10.3.1/thumb/v8-m.main+fp/hard\libgcc.a(_aeabi_uldivmod.o) (__udivmoddi4)
d:/programme/st/stm32cubeide_1.9.0/stm32cubeide/plugins/com.st.stm32cube.ide.mcu.externaltools.gnu-tools-for-stm32.10.3-2021.10.win32_1.0.200.202301161003/tools/bin/../lib/gcc/arm-none-eabi/10.3.1/thumb/v8-m.main+fp/hard\libgcc.a(_dvmd_tls.o)
                              d:/programme/st/stm32cubeide_1.9.0/stm32cubeide/plugins/com.st.stm32cube.ide.mcu.externaltools.gnu-tools-for-stm32.10.3-2021.10.win32_1.0.200.202301161003/tools/bin/../lib/gcc/arm-none-eabi/10.3.1/thumb/v8-m.main+fp/hard\libgcc.a(_aeabi_uldivmod.o) (__aeabi_ldiv0)

Discarded input sections

 .text          0x0000000000000000        0x0 d:/programme/st/stm32cubeide_1.9.0/stm32cubeide/plugins/com.st.stm32cube.ide.mcu.externaltools.gnu-tools-for-stm32.10.3-2021.10.win32_1.0.200.202301161003/tools/bin/../lib/gcc/arm-none-eabi/10.3.1/thumb/v8-m.main+fp/hard/crti.o
 .data          0x0000000000000000        0x0 d:/programme/st/stm32cubeide_1.9.0/stm32cubeide/plugins/com.st.stm32cube.ide.mcu.externaltools.gnu-tools-for-stm32.10.3-2021.10.win32_1.0.200.202301161003/tools/bin/../lib/gcc/arm-none-eabi/10.3.1/thumb/v8-m.main+fp/hard/crti.o
[...]
Memory Configuration

Name             Origin             Length             Attributes
RAM              0x0000000020000000 0x00000000000a0000 xrw
FLASH            0x0000000008000000 0x0000000000200000 xr
*default*        0x0000000000000000 0xffffffffffffffff

Linker script and memory map

LOAD d:/programme/st/stm32cubeide_1.9.0/stm32cubeide/plugins/com.st.stm32cube.ide.mcu.externaltools.gnu-tools-for-stm32.10.3-2021.10.win32_1.0.200.202301161003/tools/bin/../lib/gcc/arm-none-eabi/10.3.1/thumb/v8-m.main+fp/hard/crti.o
LOAD d:/programme/st/stm32cubeide_1.9.0/stm32cubeide/plugins/com.st.stm32cube.ide.mcu.externaltools.gnu-tools-for-stm32.10.3-2021.10.win32_1.0.200.202301161003/tools/bin/../lib/gcc/arm-none-eabi/10.3.1/thumb/v8-m.main+fp/hard/crtbegin.o
LOAD d:/programme/st/stm32cubeide_1.9.0/stm32cubeide/plugins/com.st.stm32cube.ide.mcu.externaltools.gnu-tools-for-stm32.10.3-2021.10.win32_1.0.200.202301161003/tools/bin/../lib/gcc/arm-none-eabi/10.3.1/../../../../arm-none-eabi/lib/thumb/v8-m.main+fp/hard/crt0.o
LOAD ./Core/Src/main.o
LOAD ./Core/Src/sensors.o
LOAD ./Core/Src/stm32h5xx_hal_msp.o
LOAD ./Core/Src/stm32h5xx_it.o
LOAD ./Core/Src/syscalls.o
LOAD ./Core/Src/sysmem.o
LOAD ./Core/Src/system_stm32h5xx.o
LOAD ./Core/Startup/startup_stm32h563zitx.o
LOAD ./Drivers/STM32H5xx_HAL_Driver/Src/stm32h5xx_hal.o
LOAD ./Drivers/STM32H5xx_HAL_Driver/Src/stm32h5xx_hal_adc.o
LOAD ./Drivers/STM32H5xx_HAL_Driver/Src/stm32h5xx_hal_adc_ex.o
LOAD ./Drivers/STM32H5xx_HAL_Driver/Src/stm32h5xx_hal_cortex.o
LOAD ./Drivers/STM32H5xx_HAL_Driver/Src/stm32h5xx_hal_dma.o
LOAD ./Drivers/STM32H5xx_HAL_Driver/Src/stm32h5xx_hal_dma_ex.o
LOAD ./Drivers/STM32H5xx_HAL_Driver/Src/stm32h5xx_hal_eth.o
LOAD ./Drivers/STM32H5xx_HAL_Driver/Src/stm32h5xx_hal_eth_ex.o
LOAD ./Drivers/STM32H5xx_HAL_Driver/Src/stm32h5xx_hal_exti.o
LOAD ./Drivers/STM32H5xx_HAL_Driver/Src/stm32h5xx_hal_flash.o
LOAD ./Drivers/STM32H5xx_HAL_Driver/Src/stm32h5xx_hal_flash_ex.o
LOAD ./Drivers/STM32H5xx_HAL_Driver/Src/stm32h5xx_hal_gpio.o
LOAD ./Drivers/STM32H5xx_HAL_Driver/Src/stm32h5xx_hal_i2c.o
LOAD ./Drivers/STM32H5xx_HAL_Driver/Src/stm32h5xx_hal_i2c_ex.o
LOAD ./Drivers/STM32H5xx_HAL_Driver/Src/stm32h5xx_hal_icache.o
LOAD ./Drivers/STM32H5xx_HAL_Driver/Src/stm32h5xx_hal_pcd.o
LOAD ./Drivers/STM32H5xx_HAL_Driver/Src/stm32h5xx_hal_pcd_ex.o
LOAD ./Drivers/STM32H5xx_HAL_Driver/Src/stm32h5xx_hal_pwr.o
LOAD ./Drivers/STM32H5xx_HAL_Driver/Src/stm32h5xx_hal_pwr_ex.o
LOAD ./Drivers/STM32H5xx_HAL_Driver/Src/stm32h5xx_hal_rcc.o
LOAD ./Drivers/STM32H5xx_HAL_Driver/Src/stm32h5xx_hal_rcc_ex.o
LOAD ./Drivers/STM32H5xx_HAL_Driver/Src/stm32h5xx_hal_uart.o
LOAD ./Drivers/STM32H5xx_HAL_Driver/Src/stm32h5xx_hal_uart_ex.o
LOAD ./Drivers/STM32H5xx_HAL_Driver/Src/stm32h5xx_ll_dma.o
LOAD ./Drivers/STM32H5xx_HAL_Driver/Src/stm32h5xx_ll_exti.o
LOAD ./Drivers/STM32H5xx_HAL_Driver/Src/stm32h5xx_ll_gpio.o
LOAD ./Drivers/STM32H5xx_HAL_Driver/Src/stm32h5xx_ll_rcc.o
LOAD ./Drivers/STM32H5xx_HAL_Driver/Src/stm32h5xx_ll_ucpd.o
LOAD ./Drivers/STM32H5xx_HAL_Driver/Src/stm32h5xx_ll_usb.o
LOAD ./Drivers/STM32H5xx_HAL_Driver/Src/stm32h5xx_ll_utils.o
START GROUP
LOAD d:/programme/st/stm32cubeide_1.9.0/stm32cubeide/plugins/com.st.stm32cube.ide.mcu.externaltools.gnu-tools-for-stm32.10.3-2021.10.win32_1.0.200.202301161003/tools/bin/../lib/gcc/arm-none-eabi/10.3.1/../../../../arm-none-eabi/lib/thumb/v8-m.main+fp/hard\libc_nano.a
LOAD d:/programme/st/stm32cubeide_1.9.0/stm32cubeide/plugins/com.st.stm32cube.ide.mcu.externaltools.gnu-tools-for-stm32.10.3-2021.10.win32_1.0.200.202301161003/tools/bin/../lib/gcc/arm-none-eabi/10.3.1/../../../../arm-none-eabi/lib/thumb/v8-m.main+fp/hard\libm.a
END GROUP
START GROUP
LOAD d:/programme/st/stm32cubeide_1.9.0/stm32cubeide/plugins/com.st.stm32cube.ide.mcu.externaltools.gnu-tools-for-stm32.10.3-2021.10.win32_1.0.200.202301161003/tools/bin/../lib/gcc/arm-none-eabi/10.3.1/thumb/v8-m.main+fp/hard\libgcc.a
LOAD d:/programme/st/stm32cubeide_1.9.0/stm32cubeide/plugins/com.st.stm32cube.ide.mcu.externaltools.gnu-tools-for-stm32.10.3-2021.10.win32_1.0.200.202301161003/tools/bin/../lib/gcc/arm-none-eabi/10.3.1/../../../../arm-none-eabi/lib/thumb/v8-m.main+fp/hard\libc_nano.a
END GROUP
START GROUP
LOAD d:/programme/st/stm32cubeide_1.9.0/stm32cubeide/plugins/com.st.stm32cube.ide.mcu.externaltools.gnu-tools-for-stm32.10.3-2021.10.win32_1.0.200.202301161003/tools/bin/../lib/gcc/arm-none-eabi/10.3.1/thumb/v8-m.main+fp/hard\libgcc.a
LOAD d:/programme/st/stm32cubeide_1.9.0/stm32cubeide/plugins/com.st.stm32cube.ide.mcu.externaltools.gnu-tools-for-stm32.10.3-2021.10.win32_1.0.200.202301161003/tools/bin/../lib/gcc/arm-none-eabi/10.3.1/../../../../arm-none-eabi/lib/thumb/v8-m.main+fp/hard\libc_nano.a
LOAD d:/programme/st/stm32cubeide_1.9.0/stm32cubeide/plugins/com.st.stm32cube.ide.mcu.externaltools.gnu-tools-for-stm32.10.3-2021.10.win32_1.0.200.202301161003/tools/bin/../lib/gcc/arm-none-eabi/10.3.1/../../../../arm-none-eabi/lib/thumb/v8-m.main+fp/hard\libnosys.a
END GROUP
START GROUP
LOAD d:/programme/st/stm32cubeide_1.9.0/stm32cubeide/plugins/com.st.stm32cube.ide.mcu.externaltools.gnu-tools-for-stm32.10.3-2021.10.win32_1.0.200.202301161003/tools/bin/../lib/gcc/arm-none-eabi/10.3.1/thumb/v8-m.main+fp/hard\libgcc.a
LOAD d:/programme/st/stm32cubeide_1.9.0/stm32cubeide/plugins/com.st.stm32cube.ide.mcu.externaltools.gnu-tools-for-stm32.10.3-2021.10.win32_1.0.200.202301161003/tools/bin/../lib/gcc/arm-none-eabi/10.3.1/../../../../arm-none-eabi/lib/thumb/v8-m.main+fp/hard\libc_nano.a
LOAD d:/programme/st/stm32cubeide_1.9.0/stm32cubeide/plugins/com.st.stm32cube.ide.mcu.externaltools.gnu-tools-for-stm32.10.3-2021.10.win32_1.0.200.202301161003/tools/bin/../lib/gcc/arm-none-eabi/10.3.1/../../../../arm-none-eabi/lib/thumb/v8-m.main+fp/hard\libnosys.a
END GROUP
LOAD d:/programme/st/stm32cubeide_1.9.0/stm32cubeide/plugins/com.st.stm32cube.ide.mcu.externaltools.gnu-tools-for-stm32.10.3-2021.10.win32_1.0.200.202301161003/tools/bin/../lib/gcc/arm-none-eabi/10.3.1/thumb/v8-m.main+fp/hard/crtend.o
LOAD d:/programme/st/stm32cubeide_1.9.0/stm32cubeide/plugins/com.st.stm32cube.ide.mcu.externaltools.gnu-tools-for-stm32.10.3-2021.10.win32_1.0.200.202301161003/tools/bin/../lib/gcc/arm-none-eabi/10.3.1/thumb/v8-m.main+fp/hard/crtn.o
                0x00000000200a0000                _estack = (ORIGIN (RAM) + LENGTH (RAM))
                0x0000000000000200                _Min_Heap_Size = 0x200
                0x0000000000000400                _Min_Stack_Size = 0x400

.isr_vector     0x0000000008000000      0x24c
                0x0000000008000000                . = ALIGN (0x4)
 *(.isr_vector)
 .isr_vector    0x0000000008000000      0x24c ./Core/Startup/startup_stm32h563zitx.o
                0x0000000008000000                g_pfnVectors
                0x000000000800024c                . = ALIGN (0x4)

.text           0x000000000800024c     0xae18
                0x000000000800024c                . = ALIGN (0x4)
 *(.text)
 .text          0x000000000800024c       0x40 d:/programme/st/stm32cubeide_1.9.0/stm32cubeide/plugins/com.st.stm32cube.ide.mcu.externaltools.gnu-tools-for-stm32.10.3-2021.10.win32_1.0.200.202301161003/tools/bin/../lib/gcc/arm-none-eabi/10.3.1/thumb/v8-m.main+fp/hard/crtbegin.o
 .text          0x000000000800028c       0x30 d:/programme/st/stm32cubeide_1.9.0/stm32cubeide/plugins/com.st.stm32cube.ide.mcu.externaltools.gnu-tools-for-stm32.10.3-2021.10.win32_1.0.200.202301161003/tools/bin/../lib/gcc/arm-none-eabi/10.3.1/thumb/v8-m.main+fp/hard\libgcc.a(_aeabi_uldivmod.o)
                0x000000000800028c                __aeabi_uldivmod
 .text          0x00000000080002bc      0x2ec d:/programme/st/stm32cubeide_1.9.0/stm32cubeide/plugins/com.st.stm32cube.ide.mcu.externaltools.gnu-tools-for-stm32.10.3-2021.10.win32_1.0.200.202301161003/tools/bin/../lib/gcc/arm-none-eabi/10.3.1/thumb/v8-m.main+fp/hard\libgcc.a(_udivmoddi4.o)
                0x00000000080002bc                __udivmoddi4
 .text          0x00000000080005a8        0x4 d:/programme/st/stm32cubeide_1.9.0/stm32cubeide/plugins/com.st.stm32cube.ide.mcu.externaltools.gnu-tools-for-stm32.10.3-2021.10.win32_1.0.200.202301161003/tools/bin/../lib/gcc/arm-none-eabi/10.3.1/thumb/v8-m.main+fp/hard\libgcc.a(_dvmd_tls.o)
                0x00000000080005a8                __aeabi_idiv0
                0x00000000080005a8                __aeabi_ldiv0
 *(.text*)
 .text.LL_AHB2_GRP1_EnableClock
                0x00000000080005ac       0x38 ./Core/Src/main.o
 .text.LL_APB1_GRP2_EnableClock
                0x00000000080005e4       0x38 ./Core/Src/main.o
 .text.main     0x000000000800061c       0xd0 ./Core/Src/main.o
                0x000000000800061c                main
 .text.SystemClock_Config
                0x00000000080006ec       0xe0 ./Core/Src/main.o
                0x00000000080006ec                SystemClock_Config
 .text.MX_ADC1_Init
                0x00000000080007cc       0xcc ./Core/Src/main.o
 .text.MX_ETH_Init
                0x0000000008000898       0x98 ./Core/Src/main.o
 .text.MX_I2C2_Init
                0x0000000008000930       0x80 ./Core/Src/main.o
 .text.MX_ICACHE_Init
                0x00000000080009b0       0x16 ./Core/Src/main.o
 *fill*         0x00000000080009c6        0x2 
 .text.MX_LPUART1_UART_Init
                0x00000000080009c8       0x94 ./Core/Src/main.o
 .text.MX_USART3_UART_Init
                0x0000000008000a5c       0xa4 ./Core/Src/main.o
 .text.MX_UCPD1_Init
                0x0000000008000b00       0x48 ./Core/Src/main.o
 .text.MX_USB_PCD_Init
                0x0000000008000b48       0x68 ./Core/Src/main.o
 .text.MX_GPIO_Init
                0x0000000008000bb0      0x1cc ./Core/Src/main.o
 .text.Error_Handler
                0x0000000008000d7c        0xa ./Core/Src/main.o
                0x0000000008000d7c                Error_Handler
 .text.getLidarDistance
                0x0000000008000d86       0x72 ./Core/Src/sensors.o
                0x0000000008000d86                getLidarDistance
 .text.getAPDSData
                0x0000000008000df8       0x76 ./Core/Src/sensors.o
                0x0000000008000df8                getAPDSData
 .text.HAL_MspInit
                0x0000000008000e6e        0xe ./Core/Src/stm32h5xx_hal_msp.o
                0x0000000008000e6e                HAL_MspInit
 .text.HAL_ADC_MspInit
                0x0000000008000e7c      0x110 ./Core/Src/stm32h5xx_hal_msp.o
                0x0000000008000e7c                HAL_ADC_MspInit
 .text.HAL_ETH_MspInit
                0x0000000008000f8c      0x19c ./Core/Src/stm32h5xx_hal_msp.o
                0x0000000008000f8c                HAL_ETH_MspInit
 .text.HAL_I2C_MspInit
                0x0000000008001128      0x11c ./Core/Src/stm32h5xx_hal_msp.o
                0x0000000008001128                HAL_I2C_MspInit
 .text.HAL_UART_MspInit
                0x0000000008001244      0x1f4 ./Core/Src/stm32h5xx_hal_msp.o
                0x0000000008001244                HAL_UART_MspInit
 .text.HAL_PCD_MspInit
                0x0000000008001438      0x11c ./Core/Src/stm32h5xx_hal_msp.o
                0x0000000008001438                HAL_PCD_MspInit
 .text.NMI_Handler
                0x0000000008001554        0x6 ./Core/Src/stm32h5xx_it.o
                0x0000000008001554                NMI_Handler
 .text.HardFault_Handler
                0x000000000800155a        0x6 ./Core/Src/stm32h5xx_it.o
                0x000000000800155a                HardFault_Handler
 .text.MemManage_Handler
                0x0000000008001560        0x6 ./Core/Src/stm32h5xx_it.o
                0x0000000008001560                MemManage_Handler
 .text.BusFault_Handler
                0x0000000008001566        0x6 ./Core/Src/stm32h5xx_it.o
                0x0000000008001566                BusFault_Handler
 .text.UsageFault_Handler
                0x000000000800156c        0x6 ./Core/Src/stm32h5xx_it.o
                0x000000000800156c                UsageFault_Handler
 .text.SVC_Handler
                0x0000000008001572        0xe ./Core/Src/stm32h5xx_it.o
                0x0000000008001572                SVC_Handler
 .text.DebugMon_Handler
                0x0000000008001580        0xe ./Core/Src/stm32h5xx_it.o
                0x0000000008001580                DebugMon_Handler
 .text.PendSV_Handler
                0x000000000800158e        0xe ./Core/Src/stm32h5xx_it.o
                0x000000000800158e                PendSV_Handler
 .text.SysTick_Handler
                0x000000000800159c        0xc ./Core/Src/stm32h5xx_it.o
                0x000000000800159c                SysTick_Handler
 .text.SystemInit
                0x00000000080015a8       0xf8 ./Core/Src/system_stm32h5xx.o
                0x00000000080015a8                SystemInit
 .text.Reset_Handler
                0x00000000080016a0       0x50 ./Core/Startup/startup_stm32h563zitx.o
                0x00000000080016a0                Reset_Handler
 .text.Default_Handler
                0x00000000080016f0        0x2 ./Core/Startup/startup_stm32h563zitx.o
                0x00000000080016f0                EXTI2_IRQHandler
                0x00000000080016f0                TIM8_TRG_COM_IRQHandler
                0x00000000080016f0                TIM8_CC_IRQHandler
                0x00000000080016f0                EXTI5_IRQHandler
                0x00000000080016f0                I3C1_ER_IRQHandler
                0x00000000080016f0                UART8_IRQHandler
                0x00000000080016f0                SPI4_IRQHandler
                0x00000000080016f0                GPDMA2_Channel1_IRQHandler
                0x00000000080016f0                FLASH_S_IRQHandler
                0x00000000080016f0                EXTI13_IRQHandler
                0x00000000080016f0                TIM1_CC_IRQHandler
                0x00000000080016f0                GPDMA2_Channel3_IRQHandler
                0x00000000080016f0                TAMP_IRQHandler
                0x00000000080016f0                TIM6_IRQHandler
                0x00000000080016f0                EXTI12_IRQHandler
                0x00000000080016f0                CORDIC_IRQHandler
                0x00000000080016f0                USB_DRD_FS_IRQHandler
                0x00000000080016f0                EXTI3_IRQHandler
                0x00000000080016f0                LPTIM4_IRQHandler
                0x00000000080016f0                GPDMA1_Channel5_IRQHandler
                0x00000000080016f0                EXTI8_IRQHandler
                0x00000000080016f0                GPDMA2_Channel5_IRQHandler
                0x00000000080016f0                LPTIM2_IRQHandler
                0x00000000080016f0                I2C3_ER_IRQHandler
                0x00000000080016f0                GPDMA2_Channel2_IRQHandler
                0x00000000080016f0                USART10_IRQHandler
                0x00000000080016f0                LPTIM3_IRQHandler
                0x00000000080016f0                EXTI0_IRQHandler
                0x00000000080016f0                I2C2_EV_IRQHandler
                0x00000000080016f0                FPU_IRQHandler
                0x00000000080016f0                GPDMA1_Channel3_IRQHandler
                0x00000000080016f0                GPDMA1_Channel7_IRQHandler
                0x00000000080016f0                FDCAN1_IT1_IRQHandler
                0x00000000080016f0                RAMCFG_IRQHandler
                0x00000000080016f0                DCACHE1_IRQHandler
                0x00000000080016f0                SPI1_IRQHandler
                0x00000000080016f0                OCTOSPI1_IRQHandler
                0x00000000080016f0                GPDMA1_Channel2_IRQHandler
                0x00000000080016f0                TIM8_UP_IRQHandler
                0x00000000080016f0                RCC_S_IRQHandler
                0x00000000080016f0                SAI2_IRQHandler
                0x00000000080016f0                ADC1_IRQHandler
                0x00000000080016f0                USART6_IRQHandler
                0x00000000080016f0                EXTI15_IRQHandler
                0x00000000080016f0                TIM17_IRQHandler
                0x00000000080016f0                USART3_IRQHandler
                0x00000000080016f0                RTC_IRQHandler
                0x00000000080016f0                EXTI9_IRQHandler
                0x00000000080016f0                LPTIM5_IRQHandler
                0x00000000080016f0                UART5_IRQHandler
                0x00000000080016f0                TIM4_IRQHandler
                0x00000000080016f0                I2C1_EV_IRQHandler
                0x00000000080016f0                GPDMA1_Channel1_IRQHandler
                0x00000000080016f0                TIM16_IRQHandler
                0x00000000080016f0                UART4_IRQHandler
                0x00000000080016f0                SecureFault_Handler
                0x00000000080016f0                TIM3_IRQHandler
                0x00000000080016f0                RCC_IRQHandler
                0x00000000080016f0                UART9_IRQHandler
                0x00000000080016f0                TIM1_TRG_COM_IRQHandler
                0x00000000080016f0                Default_Handler
                0x00000000080016f0                FMAC_IRQHandler
                0x00000000080016f0                CEC_IRQHandler
                0x00000000080016f0                USART11_IRQHandler
                0x00000000080016f0                TIM14_IRQHandler
                0x00000000080016f0                TIM13_IRQHandler
                0x00000000080016f0                GPDMA2_Channel4_IRQHandler
                0x00000000080016f0                SPI5_IRQHandler
                0x00000000080016f0                TIM12_IRQHandler
                0x00000000080016f0                TIM7_IRQHandler
                0x00000000080016f0                SDMMC1_IRQHandler
                0x00000000080016f0                TIM5_IRQHandler
                0x00000000080016f0                UCPD1_IRQHandler
                0x00000000080016f0                GPDMA1_Channel0_IRQHandler
                0x00000000080016f0                I3C1_EV_IRQHandler
                0x00000000080016f0                TIM15_IRQHandler
                0x00000000080016f0                PVD_AVD_IRQHandler
                0x00000000080016f0                I2C3_EV_IRQHandler
                0x00000000080016f0                ETH_WKUP_IRQHandler
                0x00000000080016f0                ADC2_IRQHandler
                0x00000000080016f0                SPI2_IRQHandler
                0x00000000080016f0                EXTI14_IRQHandler
                0x00000000080016f0                EXTI11_IRQHandler
                0x00000000080016f0                CRS_IRQHandler
                0x00000000080016f0                EXTI4_IRQHandler
                0x00000000080016f0                GPDMA2_Channel0_IRQHandler
                0x00000000080016f0                RTC_S_IRQHandler
                0x00000000080016f0                RNG_IRQHandler
                0x00000000080016f0                FDCAN2_IT1_IRQHandler
                0x00000000080016f0                ETH_IRQHandler
                0x00000000080016f0                GPDMA2_Channel6_IRQHandler
                0x00000000080016f0                TIM1_UP_IRQHandler
                0x00000000080016f0                UART12_IRQHandler
                0x00000000080016f0                WWDG_IRQHandler
                0x00000000080016f0                SPI6_IRQHandler
                0x00000000080016f0                I2C4_EV_IRQHandler
                0x00000000080016f0                FDCAN2_IT0_IRQHandler
                0x00000000080016f0                IWDG_IRQHandler
                0x00000000080016f0                LPUART1_IRQHandler
                0x00000000080016f0                FDCAN1_IT0_IRQHandler
                0x00000000080016f0                TIM2_IRQHandler
                0x00000000080016f0                GPDMA1_Channel4_IRQHandler
                0x00000000080016f0                EXTI7_IRQHandler
                0x00000000080016f0                TIM1_BRK_IRQHandler
                0x00000000080016f0                EXTI1_IRQHandler
                0x00000000080016f0                SDMMC2_IRQHandler
                0x00000000080016f0                LPTIM6_IRQHandler
                0x00000000080016f0                DAC1_IRQHandler
                0x00000000080016f0                DTS_IRQHandler
                0x00000000080016f0                UART7_IRQHandler
                0x00000000080016f0                GTZC_IRQHandler
                0x00000000080016f0                USART2_IRQHandler
                0x00000000080016f0                GPDMA1_Channel6_IRQHandler
                0x00000000080016f0                GPDMA2_Channel7_IRQHandler
                0x00000000080016f0                I2C2_ER_IRQHandler
                0x00000000080016f0                TIM8_BRK_IRQHandler
                0x00000000080016f0                FLASH_IRQHandler
                0x00000000080016f0                USART1_IRQHandler
                0x00000000080016f0                EXTI10_IRQHandler
                0x00000000080016f0                SPI3_IRQHandler
                0x00000000080016f0                I2C1_ER_IRQHandler
                0x00000000080016f0                FMC_IRQHandler
                0x00000000080016f0                EXTI6_IRQHandler
                0x00000000080016f0                LPTIM1_IRQHandler
                0x00000000080016f0                DCMI_PSSI_IRQHandler
                0x00000000080016f0                I2C4_ER_IRQHandler
                0x00000000080016f0                ICACHE_IRQHandler
                0x00000000080016f0                SAI1_IRQHandler
                0x00000000080016f0                HASH_IRQHandler
 *fill*         0x00000000080016f2        0x2 
 .text.HAL_Init
                0x00000000080016f4       0x4c ./Drivers/STM32H5xx_HAL_Driver/Src/stm32h5xx_hal.o
                0x00000000080016f4                HAL_Init
 .text.HAL_InitTick
                0x0000000008001740       0x6c ./Drivers/STM32H5xx_HAL_Driver/Src/stm32h5xx_hal.o
                0x0000000008001740                HAL_InitTick
 .text.HAL_IncTick
                0x00000000080017ac       0x28 ./Drivers/STM32H5xx_HAL_Driver/Src/stm32h5xx_hal.o
                0x00000000080017ac                HAL_IncTick
 .text.HAL_GetTick
                0x00000000080017d4       0x18 ./Drivers/STM32H5xx_HAL_Driver/Src/stm32h5xx_hal.o
                0x00000000080017d4                HAL_GetTick
 .text.HAL_SBS_ETHInterfaceSelect
                0x00000000080017ec       0x2c ./Drivers/STM32H5xx_HAL_Driver/Src/stm32h5xx_hal.o
                0x00000000080017ec                HAL_SBS_ETHInterfaceSelect
 .text.LL_ADC_SetCommonClock
                0x0000000008001818       0x26 ./Drivers/STM32H5xx_HAL_Driver/Src/stm32h5xx_hal_adc.o
 .text.LL_ADC_SetCommonPathInternalCh
                0x000000000800183e       0x26 ./Drivers/STM32H5xx_HAL_Driver/Src/stm32h5xx_hal_adc.o
 .text.LL_ADC_GetCommonPathInternalCh
                0x0000000008001864       0x1c ./Drivers/STM32H5xx_HAL_Driver/Src/stm32h5xx_hal_adc.o
 .text.LL_ADC_EnableChannelVDDcore
                0x0000000008001880       0x24 ./Drivers/STM32H5xx_HAL_Driver/Src/stm32h5xx_hal_adc.o
 .text.LL_ADC_EnableChannel0_GPIO
                0x00000000080018a4       0x28 ./Drivers/STM32H5xx_HAL_Driver/Src/stm32h5xx_hal_adc.o
 .text.LL_ADC_SetOffset
                0x00000000080018cc       0x48 ./Drivers/STM32H5xx_HAL_Driver/Src/stm32h5xx_hal_adc.o
 .text.LL_ADC_GetOffsetChannel
                0x0000000008001914       0x2c ./Drivers/STM32H5xx_HAL_Driver/Src/stm32h5xx_hal_adc.o
 .text.LL_ADC_SetOffsetState
                0x0000000008001940       0x36 ./Drivers/STM32H5xx_HAL_Driver/Src/stm32h5xx_hal_adc.o
 .text.LL_ADC_SetOffsetSign
                0x0000000008001976       0x36 ./Drivers/STM32H5xx_HAL_Driver/Src/stm32h5xx_hal_adc.o
 .text.LL_ADC_SetOffsetSaturation
                0x00000000080019ac       0x36 ./Drivers/STM32H5xx_HAL_Driver/Src/stm32h5xx_hal_adc.o
 .text.LL_ADC_SetSamplingTimeCommonConfig
                0x00000000080019e2       0x26 ./Drivers/STM32H5xx_HAL_Driver/Src/stm32h5xx_hal_adc.o
 .text.LL_ADC_REG_SetSequencerRanks
                0x0000000008001a08       0x58 ./Drivers/STM32H5xx_HAL_Driver/Src/stm32h5xx_hal_adc.o
 .text.LL_ADC_SetChannelSamplingTime
                0x0000000008001a60       0x56 ./Drivers/STM32H5xx_HAL_Driver/Src/stm32h5xx_hal_adc.o
 *fill*         0x0000000008001ab6        0x2 
 .text.LL_ADC_SetChannelSingleDiff
                0x0000000008001ab8       0x48 ./Drivers/STM32H5xx_HAL_Driver/Src/stm32h5xx_hal_adc.o
 .text.LL_ADC_DisableDeepPowerDown
                0x0000000008001b00       0x24 ./Drivers/STM32H5xx_HAL_Driver/Src/stm32h5xx_hal_adc.o
 .text.LL_ADC_IsDeepPowerDownEnabled
                0x0000000008001b24       0x28 ./Drivers/STM32H5xx_HAL_Driver/Src/stm32h5xx_hal_adc.o
 .text.LL_ADC_EnableInternalRegulator
                0x0000000008001b4c       0x28 ./Drivers/STM32H5xx_HAL_Driver/Src/stm32h5xx_hal_adc.o
 .text.LL_ADC_IsInternalRegulatorEnabled
                0x0000000008001b74       0x28 ./Drivers/STM32H5xx_HAL_Driver/Src/stm32h5xx_hal_adc.o
 .text.LL_ADC_IsEnabled
                0x0000000008001b9c       0x26 ./Drivers/STM32H5xx_HAL_Driver/Src/stm32h5xx_hal_adc.o
 .text.LL_ADC_REG_IsConversionOngoing
                0x0000000008001bc2       0x26 ./Drivers/STM32H5xx_HAL_Driver/Src/stm32h5xx_hal_adc.o
 .text.LL_ADC_INJ_IsConversionOngoing
                0x0000000008001be8       0x26 ./Drivers/STM32H5xx_HAL_Driver/Src/stm32h5xx_hal_adc.o
 *fill*         0x0000000008001c0e        0x2 
 .text.HAL_ADC_Init
                0x0000000008001c10      0x2a8 ./Drivers/STM32H5xx_HAL_Driver/Src/stm32h5xx_hal_adc.o
                0x0000000008001c10                HAL_ADC_Init
 .text.HAL_ADC_ConfigChannel
                0x0000000008001eb8      0x80c ./Drivers/STM32H5xx_HAL_Driver/Src/stm32h5xx_hal_adc.o
                0x0000000008001eb8                HAL_ADC_ConfigChannel
 .text.__NVIC_SetPriorityGrouping
                0x00000000080026c4       0x48 ./Drivers/STM32H5xx_HAL_Driver/Src/stm32h5xx_hal_cortex.o
 .text.__NVIC_GetPriorityGrouping
                0x000000000800270c       0x1c ./Drivers/STM32H5xx_HAL_Driver/Src/stm32h5xx_hal_cortex.o
 .text.__NVIC_SetPriority
                0x0000000008002728       0x54 ./Drivers/STM32H5xx_HAL_Driver/Src/stm32h5xx_hal_cortex.o
 .text.NVIC_EncodePriority
                0x000000000800277c       0x66 ./Drivers/STM32H5xx_HAL_Driver/Src/stm32h5xx_hal_cortex.o
 *fill*         0x00000000080027e2        0x2 
 .text.SysTick_Config
                0x00000000080027e4       0x44 ./Drivers/STM32H5xx_HAL_Driver/Src/stm32h5xx_hal_cortex.o
 .text.HAL_NVIC_SetPriorityGrouping
                0x0000000008002828       0x16 ./Drivers/STM32H5xx_HAL_Driver/Src/stm32h5xx_hal_cortex.o
                0x0000000008002828                HAL_NVIC_SetPriorityGrouping
 .text.HAL_NVIC_SetPriority
                0x000000000800283e       0x34 ./Drivers/STM32H5xx_HAL_Driver/Src/stm32h5xx_hal_cortex.o
                0x000000000800283e                HAL_NVIC_SetPriority
 .text.HAL_SYSTICK_Config
                0x0000000008002872       0x18 ./Drivers/STM32H5xx_HAL_Driver/Src/stm32h5xx_hal_cortex.o
                0x0000000008002872                HAL_SYSTICK_Config
 *fill*         0x000000000800288a        0x2 
 .text.HAL_ETH_Init
                0x000000000800288c      0x1cc ./Drivers/STM32H5xx_HAL_Driver/Src/stm32h5xx_hal_eth.o
                0x000000000800288c                HAL_ETH_Init
 .text.HAL_ETH_SetMDIOClockRange
                0x0000000008002a58       0xd0 ./Drivers/STM32H5xx_HAL_Driver/Src/stm32h5xx_hal_eth.o
                0x0000000008002a58                HAL_ETH_SetMDIOClockRange
 .text.ETH_SetMACConfig
                0x0000000008002b28      0x238 ./Drivers/STM32H5xx_HAL_Driver/Src/stm32h5xx_hal_eth.o
 .text.ETH_SetDMAConfig
                0x0000000008002d60      0x10c ./Drivers/STM32H5xx_HAL_Driver/Src/stm32h5xx_hal_eth.o
 .text.ETH_MACDMAConfig
                0x0000000008002e6c      0x13a ./Drivers/STM32H5xx_HAL_Driver/Src/stm32h5xx_hal_eth.o
 .text.ETH_DMATxDescListInit
                0x0000000008002fa6       0x92 ./Drivers/STM32H5xx_HAL_Driver/Src/stm32h5xx_hal_eth.o
 .text.ETH_DMARxDescListInit
                0x0000000008003038       0xba ./Drivers/STM32H5xx_HAL_Driver/Src/stm32h5xx_hal_eth.o
 *fill*         0x00000000080030f2        0x2 
 .text.HAL_GPIO_Init
                0x00000000080030f4      0x2a4 ./Drivers/STM32H5xx_HAL_Driver/Src/stm32h5xx_hal_gpio.o
                0x00000000080030f4                HAL_GPIO_Init
 .text.HAL_GPIO_WritePin
                0x0000000008003398       0x30 ./Drivers/STM32H5xx_HAL_Driver/Src/stm32h5xx_hal_gpio.o
                0x0000000008003398                HAL_GPIO_WritePin
 .text.HAL_GPIO_TogglePin
                0x00000000080033c8       0x34 ./Drivers/STM32H5xx_HAL_Driver/Src/stm32h5xx_hal_gpio.o
                0x00000000080033c8                HAL_GPIO_TogglePin
 .text.HAL_I2C_Init
                0x00000000080033fc      0x11e ./Drivers/STM32H5xx_HAL_Driver/Src/stm32h5xx_hal_i2c.o
                0x00000000080033fc                HAL_I2C_Init
 *fill*         0x000000000800351a        0x2 
 .text.HAL_I2C_Master_Transmit
                0x000000000800351c      0x1e8 ./Drivers/STM32H5xx_HAL_Driver/Src/stm32h5xx_hal_i2c.o
                0x000000000800351c                HAL_I2C_Master_Transmit
 .text.HAL_I2C_Master_Receive
                0x0000000008003704      0x1ec ./Drivers/STM32H5xx_HAL_Driver/Src/stm32h5xx_hal_i2c.o
                0x0000000008003704                HAL_I2C_Master_Receive
 .text.I2C_Flush_TXDR
                0x00000000080038f0       0x48 ./Drivers/STM32H5xx_HAL_Driver/Src/stm32h5xx_hal_i2c.o
 .text.I2C_WaitOnFlagUntilTimeout
                0x0000000008003938       0x9e ./Drivers/STM32H5xx_HAL_Driver/Src/stm32h5xx_hal_i2c.o
 .text.I2C_WaitOnTXISFlagUntilTimeout
                0x00000000080039d6       0x8e ./Drivers/STM32H5xx_HAL_Driver/Src/stm32h5xx_hal_i2c.o
 .text.I2C_WaitOnSTOPFlagUntilTimeout
                0x0000000008003a64       0x86 ./Drivers/STM32H5xx_HAL_Driver/Src/stm32h5xx_hal_i2c.o
 *fill*         0x0000000008003aea        0x2 
 .text.I2C_WaitOnRXNEFlagUntilTimeout
                0x0000000008003aec      0x104 ./Drivers/STM32H5xx_HAL_Driver/Src/stm32h5xx_hal_i2c.o
 .text.I2C_IsErrorOccurred
                0x0000000008003bf0      0x1c0 ./Drivers/STM32H5xx_HAL_Driver/Src/stm32h5xx_hal_i2c.o
 .text.I2C_TransferConfig
                0x0000000008003db0       0x64 ./Drivers/STM32H5xx_HAL_Driver/Src/stm32h5xx_hal_i2c.o
 .text.HAL_I2CEx_ConfigAnalogFilter
                0x0000000008003e14       0x96 ./Drivers/STM32H5xx_HAL_Driver/Src/stm32h5xx_hal_i2c_ex.o
                0x0000000008003e14                HAL_I2CEx_ConfigAnalogFilter
 .text.HAL_I2CEx_ConfigDigitalFilter
                0x0000000008003eaa       0x98 ./Drivers/STM32H5xx_HAL_Driver/Src/stm32h5xx_hal_i2c_ex.o
                0x0000000008003eaa                HAL_I2CEx_ConfigDigitalFilter
 *fill*         0x0000000008003f42        0x2 
 .text.HAL_ICACHE_Enable
                0x0000000008003f44       0x20 ./Drivers/STM32H5xx_HAL_Driver/Src/stm32h5xx_hal_icache.o
                0x0000000008003f44                HAL_ICACHE_Enable
 .text.HAL_PCD_Init
                0x0000000008003f64      0x1b6 ./Drivers/STM32H5xx_HAL_Driver/Src/stm32h5xx_hal_pcd.o
                0x0000000008003f64                HAL_PCD_Init
 .text.HAL_PCDEx_ActivateLPM
                0x000000000800411a       0x44 ./Drivers/STM32H5xx_HAL_Driver/Src/stm32h5xx_hal_pcd_ex.o
                0x000000000800411a                HAL_PCDEx_ActivateLPM
 *fill*         0x000000000800415e        0x2 
 .text.HAL_RCC_OscConfig
                0x0000000008004160      0x870 ./Drivers/STM32H5xx_HAL_Driver/Src/stm32h5xx_hal_rcc.o
                0x0000000008004160                HAL_RCC_OscConfig
 .text.HAL_RCC_ClockConfig
                0x00000000080049d0      0x370 ./Drivers/STM32H5xx_HAL_Driver/Src/stm32h5xx_hal_rcc.o
                0x00000000080049d0                HAL_RCC_ClockConfig
 .text.HAL_RCC_GetSysClockFreq
                0x0000000008004d40      0x258 ./Drivers/STM32H5xx_HAL_Driver/Src/stm32h5xx_hal_rcc.o
                0x0000000008004d40                HAL_RCC_GetSysClockFreq
 .text.HAL_RCC_GetHCLKFreq
                0x0000000008004f98       0x38 ./Drivers/STM32H5xx_HAL_Driver/Src/stm32h5xx_hal_rcc.o
                0x0000000008004f98                HAL_RCC_GetHCLKFreq
 .text.HAL_RCC_GetPCLK1Freq
                0x0000000008004fd0       0x2c ./Drivers/STM32H5xx_HAL_Driver/Src/stm32h5xx_hal_rcc.o
                0x0000000008004fd0                HAL_RCC_GetPCLK1Freq
 .text.HAL_RCC_GetPCLK2Freq
                0x0000000008004ffc       0x2c ./Drivers/STM32H5xx_HAL_Driver/Src/stm32h5xx_hal_rcc.o
                0x0000000008004ffc                HAL_RCC_GetPCLK2Freq
 .text.HAL_RCC_GetPCLK3Freq
                0x0000000008005028       0x2c ./Drivers/STM32H5xx_HAL_Driver/Src/stm32h5xx_hal_rcc.o
                0x0000000008005028                HAL_RCC_GetPCLK3Freq
 .text.HAL_RCCEx_PeriphCLKConfig
                0x0000000008005054     0x1f14 ./Drivers/STM32H5xx_HAL_Driver/Src/stm32h5xx_hal_rcc_ex.o
                0x0000000008005054                HAL_RCCEx_PeriphCLKConfig
 .text.HAL_RCCEx_GetPLL1ClockFreq
                0x0000000008006f68      0x2d4 ./Drivers/STM32H5xx_HAL_Driver/Src/stm32h5xx_hal_rcc_ex.o
                0x0000000008006f68                HAL_RCCEx_GetPLL1ClockFreq
 .text.HAL_RCCEx_GetPLL2ClockFreq
                0x000000000800723c      0x2d4 ./Drivers/STM32H5xx_HAL_Driver/Src/stm32h5xx_hal_rcc_ex.o
                0x000000000800723c                HAL_RCCEx_GetPLL2ClockFreq
 .text.HAL_RCCEx_GetPLL3ClockFreq
                0x0000000008007510      0x2d4 ./Drivers/STM32H5xx_HAL_Driver/Src/stm32h5xx_hal_rcc_ex.o
                0x0000000008007510                HAL_RCCEx_GetPLL3ClockFreq
 .text.HAL_RCCEx_GetPeriphCLKFreq
                0x00000000080077e4     0x26b4 ./Drivers/STM32H5xx_HAL_Driver/Src/stm32h5xx_hal_rcc_ex.o
                0x00000000080077e4                HAL_RCCEx_GetPeriphCLKFreq
 .text.RCCEx_PLL2_Config
                0x0000000008009e98      0x130 ./Drivers/STM32H5xx_HAL_Driver/Src/stm32h5xx_hal_rcc_ex.o
 .text.RCCEx_PLL3_Config
                0x0000000008009fc8      0x130 ./Drivers/STM32H5xx_HAL_Driver/Src/stm32h5xx_hal_rcc_ex.o
 .text.HAL_UART_Init
                0x000000000800a0f8       0xa0 ./Drivers/STM32H5xx_HAL_Driver/Src/stm32h5xx_hal_uart.o
                0x000000000800a0f8                HAL_UART_Init
 .text.UART_SetConfig
                0x000000000800a198      0x3dc ./Drivers/STM32H5xx_HAL_Driver/Src/stm32h5xx_hal_uart.o
                0x000000000800a198                UART_SetConfig
 .text.UART_AdvFeatureConfig
                0x000000000800a574      0x144 ./Drivers/STM32H5xx_HAL_Driver/Src/stm32h5xx_hal_uart.o
                0x000000000800a574                UART_AdvFeatureConfig
 .text.UART_CheckIdleState
                0x000000000800a6b8      0x154 ./Drivers/STM32H5xx_HAL_Driver/Src/stm32h5xx_hal_uart.o
                0x000000000800a6b8                UART_CheckIdleState
 .text.UART_WaitOnFlagUntilTimeout
                0x000000000800a80c       0xce ./Drivers/STM32H5xx_HAL_Driver/Src/stm32h5xx_hal_uart.o
                0x000000000800a80c                UART_WaitOnFlagUntilTimeout
 .text.UART_EndRxTransfer
                0x000000000800a8da       0xcc ./Drivers/STM32H5xx_HAL_Driver/Src/stm32h5xx_hal_uart.o
 .text.HAL_UARTEx_DisableFifoMode
                0x000000000800a9a6       0x72 ./Drivers/STM32H5xx_HAL_Driver/Src/stm32h5xx_hal_uart_ex.o
                0x000000000800a9a6                HAL_UARTEx_DisableFifoMode
 .text.HAL_UARTEx_SetTxFifoThreshold
                0x000000000800aa18       0x7c ./Drivers/STM32H5xx_HAL_Driver/Src/stm32h5xx_hal_uart_ex.o
                0x000000000800aa18                HAL_UARTEx_SetTxFifoThreshold
 .text.HAL_UARTEx_SetRxFifoThreshold
                0x000000000800aa94       0x7c ./Drivers/STM32H5xx_HAL_Driver/Src/stm32h5xx_hal_uart_ex.o
                0x000000000800aa94                HAL_UARTEx_SetRxFifoThreshold
 .text.UARTEx_SetNbDataToProcess
                0x000000000800ab10       0x9c ./Drivers/STM32H5xx_HAL_Driver/Src/stm32h5xx_hal_uart_ex.o
 .text.LL_GPIO_SetPinMode
                0x000000000800abac       0x7a ./Drivers/STM32H5xx_HAL_Driver/Src/stm32h5xx_ll_gpio.o
 .text.LL_GPIO_SetPinOutputType
                0x000000000800ac26       0x30 ./Drivers/STM32H5xx_HAL_Driver/Src/stm32h5xx_ll_gpio.o
 .text.LL_GPIO_SetPinSpeed
                0x000000000800ac56       0x7a ./Drivers/STM32H5xx_HAL_Driver/Src/stm32h5xx_ll_gpio.o
 .text.LL_GPIO_SetPinPull
                0x000000000800acd0       0x7a ./Drivers/STM32H5xx_HAL_Driver/Src/stm32h5xx_ll_gpio.o
 .text.LL_GPIO_SetAFPin_0_7
                0x000000000800ad4a       0x7a ./Drivers/STM32H5xx_HAL_Driver/Src/stm32h5xx_ll_gpio.o
 .text.LL_GPIO_SetAFPin_8_15
                0x000000000800adc4       0x7e ./Drivers/STM32H5xx_HAL_Driver/Src/stm32h5xx_ll_gpio.o
 .text.LL_GPIO_Init
                0x000000000800ae42       0xfc ./Drivers/STM32H5xx_HAL_Driver/Src/stm32h5xx_ll_gpio.o
                0x000000000800ae42                LL_GPIO_Init
 .text.USB_DisableGlobalInt
                0x000000000800af3e       0x2a ./Drivers/STM32H5xx_HAL_Driver/Src/stm32h5xx_ll_usb.o
                0x000000000800af3e                USB_DisableGlobalInt
 .text.USB_SetCurrentMode
                0x000000000800af68       0x46 ./Drivers/STM32H5xx_HAL_Driver/Src/stm32h5xx_ll_usb.o
                0x000000000800af68                USB_SetCurrentMode
 .text.USB_DevInit
                0x000000000800afae       0x46 ./Drivers/STM32H5xx_HAL_Driver/Src/stm32h5xx_ll_usb.o
                0x000000000800afae                USB_DevInit
 .text.__libc_init_array
                0x000000000800aff4       0x48 d:/programme/st/stm32cubeide_1.9.0/stm32cubeide/plugins/com.st.stm32cube.ide.mcu.externaltools.gnu-tools-for-stm32.10.3-2021.10.win32_1.0.200.202301161003/tools/bin/../lib/gcc/arm-none-eabi/10.3.1/../../../../arm-none-eabi/lib/thumb/v8-m.main+fp/hard\libc_nano.a(lib_a-init.o)
                0x000000000800aff4                __libc_init_array
 .text.memset   0x000000000800b03c       0x10 d:/programme/st/stm32cubeide_1.9.0/stm32cubeide/plugins/com.st.stm32cube.ide.mcu.externaltools.gnu-tools-for-stm32.10.3-2021.10.win32_1.0.200.202301161003/tools/bin/../lib/gcc/arm-none-eabi/10.3.1/../../../../arm-none-eabi/lib/thumb/v8-m.main+fp/hard\libc_nano.a(lib_a-memset.o)
                0x000000000800b03c                memset
 *(.glue_7)
 .glue_7        0x000000000800b04c        0x0 linker stubs
 *(.glue_7t)
 .glue_7t       0x000000000800b04c        0x0 linker stubs
 *(.eh_frame)
 .eh_frame      0x000000000800b04c        0x0 d:/programme/st/stm32cubeide_1.9.0/stm32cubeide/plugins/com.st.stm32cube.ide.mcu.externaltools.gnu-tools-for-stm32.10.3-2021.10.win32_1.0.200.202301161003/tools/bin/../lib/gcc/arm-none-eabi/10.3.1/thumb/v8-m.main+fp/hard/crtbegin.o
 *(.init)
 .init          0x000000000800b04c        0x4 d:/programme/st/stm32cubeide_1.9.0/stm32cubeide/plugins/com.st.stm32cube.ide.mcu.externaltools.gnu-tools-for-stm32.10.3-2021.10.win32_1.0.200.202301161003/tools/bin/../lib/gcc/arm-none-eabi/10.3.1/thumb/v8-m.main+fp/hard/crti.o
                0x000000000800b04c                _init
 .init          0x000000000800b050        0x8 d:/programme/st/stm32cubeide_1.9.0/stm32cubeide/plugins/com.st.stm32cube.ide.mcu.externaltools.gnu-tools-for-stm32.10.3-2021.10.win32_1.0.200.202301161003/tools/bin/../lib/gcc/arm-none-eabi/10.3.1/thumb/v8-m.main+fp/hard/crtn.o
 *(.fini)
 .fini          0x000000000800b058        0x4 d:/programme/st/stm32cubeide_1.9.0/stm32cubeide/plugins/com.st.stm32cube.ide.mcu.externaltools.gnu-tools-for-stm32.10.3-2021.10.win32_1.0.200.202301161003/tools/bin/../lib/gcc/arm-none-eabi/10.3.1/thumb/v8-m.main+fp/hard/crti.o
                0x000000000800b058                _fini
 .fini          0x000000000800b05c        0x8 d:/programme/st/stm32cubeide_1.9.0/stm32cubeide/plugins/com.st.stm32cube.ide.mcu.externaltools.gnu-tools-for-stm32.10.3-2021.10.win32_1.0.200.202301161003/tools/bin/../lib/gcc/arm-none-eabi/10.3.1/thumb/v8-m.main+fp/hard/crtn.o
                0x000000000800b064                . = ALIGN (0x4)
                0x000000000800b064                _etext = .

.vfp11_veneer   0x000000000800b064        0x0
 .vfp11_veneer  0x000000000800b064        0x0 linker stubs

.v4_bx          0x000000000800b064        0x0
 .v4_bx         0x000000000800b064        0x0 linker stubs

.iplt           0x000000000800b064        0x0
 .iplt          0x000000000800b064        0x0 d:/programme/st/stm32cubeide_1.9.0/stm32cubeide/plugins/com.st.stm32cube.ide.mcu.externaltools.gnu-tools-for-stm32.10.3-2021.10.win32_1.0.200.202301161003/tools/bin/../lib/gcc/arm-none-eabi/10.3.1/thumb/v8-m.main+fp/hard/crtbegin.o

.rodata         0x000000000800b064       0x40
                0x000000000800b064                . = ALIGN (0x4)
 *(.rodata)
 *(.rodata*)
 .rodata.AHBPrescTable
                0x000000000800b064       0x10 ./Core/Src/system_stm32h5xx.o
                0x000000000800b064                AHBPrescTable
 .rodata.APBPrescTable
                0x000000000800b074        0x8 ./Core/Src/system_stm32h5xx.o
                0x000000000800b074                APBPrescTable
 .rodata.UARTPrescTable
                0x000000000800b07c       0x18 ./Drivers/STM32H5xx_HAL_Driver/Src/stm32h5xx_hal_uart.o
                0x000000000800b07c                UARTPrescTable
 .rodata.numerator.1
                0x000000000800b094        0x8 ./Drivers/STM32H5xx_HAL_Driver/Src/stm32h5xx_hal_uart_ex.o
 .rodata.denominator.0
                0x000000000800b09c        0x8 ./Drivers/STM32H5xx_HAL_Driver/Src/stm32h5xx_hal_uart_ex.o
                0x000000000800b0a4                . = ALIGN (0x4)

.ARM.extab      0x000000000800b0a4        0x0
                0x000000000800b0a4                . = ALIGN (0x4)
 *(.ARM.extab* .gnu.linkonce.armextab.*)
                0x000000000800b0a4                . = ALIGN (0x4)

.ARM            0x000000000800b0a4        0x8
                0x000000000800b0a4                . = ALIGN (0x4)
                0x000000000800b0a4                __exidx_start = .
 *(.ARM.exidx*)
 .ARM.exidx     0x000000000800b0a4        0x8 d:/programme/st/stm32cubeide_1.9.0/stm32cubeide/plugins/com.st.stm32cube.ide.mcu.externaltools.gnu-tools-for-stm32.10.3-2021.10.win32_1.0.200.202301161003/tools/bin/../lib/gcc/arm-none-eabi/10.3.1/thumb/v8-m.main+fp/hard\libgcc.a(_udivmoddi4.o)
                0x000000000800b0ac                __exidx_end = .
                0x000000000800b0ac                . = ALIGN (0x4)

.rel.dyn        0x000000000800b0ac        0x0
 .rel.iplt      0x000000000800b0ac        0x0 d:/programme/st/stm32cubeide_1.9.0/stm32cubeide/plugins/com.st.stm32cube.ide.mcu.externaltools.gnu-tools-for-stm32.10.3-2021.10.win32_1.0.200.202301161003/tools/bin/../lib/gcc/arm-none-eabi/10.3.1/thumb/v8-m.main+fp/hard/crtbegin.o

.preinit_array  0x000000000800b0ac        0x0
                0x000000000800b0ac                . = ALIGN (0x4)
                0x000000000800b0ac                PROVIDE (__preinit_array_start = .)
 *(.preinit_array*)
                0x000000000800b0ac                PROVIDE (__preinit_array_end = .)
                0x000000000800b0ac                . = ALIGN (0x4)

.init_array     0x000000000800b0ac        0x4
                0x000000000800b0ac                . = ALIGN (0x4)
                0x000000000800b0ac                PROVIDE (__init_array_start = .)
 *(SORT_BY_NAME(.init_array.*))
 *(.init_array*)
 .init_array    0x000000000800b0ac        0x4 d:/programme/st/stm32cubeide_1.9.0/stm32cubeide/plugins/com.st.stm32cube.ide.mcu.externaltools.gnu-tools-for-stm32.10.3-2021.10.win32_1.0.200.202301161003/tools/bin/../lib/gcc/arm-none-eabi/10.3.1/thumb/v8-m.main+fp/hard/crtbegin.o
                0x000000000800b0b0                PROVIDE (__init_array_end = .)
                0x000000000800b0b0                . = ALIGN (0x4)

.fini_array     0x000000000800b0b0        0x4
                0x000000000800b0b0                . = ALIGN (0x4)
                [!provide]                        PROVIDE (__fini_array_start = .)
 *(SORT_BY_NAME(.fini_array.*))
 *(.fini_array*)
 .fini_array    0x000000000800b0b0        0x4 d:/programme/st/stm32cubeide_1.9.0/stm32cubeide/plugins/com.st.stm32cube.ide.mcu.externaltools.gnu-tools-for-stm32.10.3-2021.10.win32_1.0.200.202301161003/tools/bin/../lib/gcc/arm-none-eabi/10.3.1/thumb/v8-m.main+fp/hard/crtbegin.o
                [!provide]                        PROVIDE (__fini_array_end = .)
                0x000000000800b0b4                . = ALIGN (0x4)
                0x000000000800b0b4                _sidata = LOADADDR (.data)

.data           0x0000000020000000        0xc load address 0x000000000800b0b4
                0x0000000020000000                . = ALIGN (0x4)
                0x0000000020000000                _sdata = .
 *(.data)
 *(.data*)
 .data.SystemCoreClock
                0x0000000020000000        0x4 ./Core/Src/system_stm32h5xx.o
                0x0000000020000000                SystemCoreClock
 .data.uwTickPrio
                0x0000000020000004        0x4 ./Drivers/STM32H5xx_HAL_Driver/Src/stm32h5xx_hal.o
                0x0000000020000004                uwTickPrio
 .data.uwTickFreq
                0x0000000020000008        0x1 ./Drivers/STM32H5xx_HAL_Driver/Src/stm32h5xx_hal.o
                0x0000000020000008                uwTickFreq
 *(.RamFunc)
 *(.RamFunc*)
                0x000000002000000c                . = ALIGN (0x4)
 *fill*         0x0000000020000009        0x3 
                0x000000002000000c                _edata = .

.igot.plt       0x000000002000000c        0x0 load address 0x000000000800b0c0
 .igot.plt      0x000000002000000c        0x0 d:/programme/st/stm32cubeide_1.9.0/stm32cubeide/plugins/com.st.stm32cube.ide.mcu.externaltools.gnu-tools-for-stm32.10.3-2021.10.win32_1.0.200.202301161003/tools/bin/../lib/gcc/arm-none-eabi/10.3.1/thumb/v8-m.main+fp/hard/crtbegin.o
                0x000000002000000c                . = ALIGN (0x4)

.bss            0x000000002000000c      0x6bc load address 0x000000000800b0c0
                0x000000002000000c                _sbss = .
                0x000000002000000c                __bss_start__ = _sbss
 *(.bss)
 .bss           0x000000002000000c       0x1c d:/programme/st/stm32cubeide_1.9.0/stm32cubeide/plugins/com.st.stm32cube.ide.mcu.externaltools.gnu-tools-for-stm32.10.3-2021.10.win32_1.0.200.202301161003/tools/bin/../lib/gcc/arm-none-eabi/10.3.1/thumb/v8-m.main+fp/hard/crtbegin.o
 *(.bss*)
 .bss.TxConfig  0x0000000020000028       0x38 ./Core/Src/main.o
                0x0000000020000028                TxConfig
 .bss.DMARxDscrTab
                0x0000000020000060       0x60 ./Core/Src/main.o
                0x0000000020000060                DMARxDscrTab
 .bss.DMATxDscrTab
                0x00000000200000c0       0x60 ./Core/Src/main.o
                0x00000000200000c0                DMATxDscrTab
 .bss.hadc1     0x0000000020000120       0x68 ./Core/Src/main.o
                0x0000000020000120                hadc1
 .bss.heth      0x0000000020000188       0xb0 ./Core/Src/main.o
                0x0000000020000188                heth
 .bss.hi2c2     0x0000000020000238       0x54 ./Core/Src/main.o
                0x0000000020000238                hi2c2
 .bss.hlpuart1  0x000000002000028c       0x94 ./Core/Src/main.o
                0x000000002000028c                hlpuart1
 .bss.huart3    0x0000000020000320       0x94 ./Core/Src/main.o
                0x0000000020000320                huart3
 .bss.hpcd_USB_DRD_FS
                0x00000000200003b4      0x308 ./Core/Src/main.o
                0x00000000200003b4                hpcd_USB_DRD_FS
 .bss.MACAddr.0
                0x00000000200006bc        0x6 ./Core/Src/main.o
 *fill*         0x00000000200006c2        0x2 
 .bss.uwTick    0x00000000200006c4        0x4 ./Drivers/STM32H5xx_HAL_Driver/Src/stm32h5xx_hal.o
                0x00000000200006c4                uwTick
 *(COMMON)
                0x00000000200006c8                . = ALIGN (0x4)
                0x00000000200006c8                _ebss = .
                0x00000000200006c8                __bss_end__ = _ebss

._user_heap_stack
                0x00000000200006c8      0x600 load address 0x000000000800b0c0
                0x00000000200006c8                . = ALIGN (0x8)
                [!provide]                        PROVIDE (end = .)
                0x00000000200006c8                PROVIDE (_end = .)
                0x00000000200008c8                . = (. + _Min_Heap_Size)
 *fill*         0x00000000200006c8      0x200 
                0x0000000020000cc8                . = (. + _Min_Stack_Size)
 *fill*         0x00000000200008c8      0x400 
                0x0000000020000cc8                . = ALIGN (0x8)

/DISCARD/
 libc.a(*)
 libm.a(*)
 libgcc.a(*)

.ARM.attributes
                0x0000000000000000       0x36
 *(.ARM.attributes)
 .ARM.attributes
                0x0000000000000000       0x22 d:/programme/st/stm32cubeide_1.9.0/stm32cubeide/plugins/com.st.stm32cube.ide.mcu.externaltools.gnu-tools-for-stm32.10.3-2021.10.win32_1.0.200.202301161003/tools/bin/../lib/gcc/arm-none-eabi/10.3.1/thumb/v8-m.main+fp/hard/crti.o
 .ARM.attributes
                0x0000000000000022       0x38 d:/programme/st/stm32cubeide_1.9.0/stm32cubeide/plugins/com.st.stm32cube.ide.mcu.externaltools.gnu-tools-for-stm32.10.3-2021.10.win32_1.0.200.202301161003/tools/bin/../lib/gcc/arm-none-eabi/10.3.1/thumb/v8-m.main+fp/hard/crtbegin.o
 .ARM.attributes
                0x000000000000005a       0x3a ./Core/Src/main.o
 .ARM.attributes
                0x0000000000000094       0x3a ./Core/Src/sensors.o
 .ARM.attributes
                0x00000000000000ce       0x3a ./Core/Src/stm32h5xx_hal_msp.o
 .ARM.attributes
                0x0000000000000108       0x3a ./Core/Src/stm32h5xx_it.o
 .ARM.attributes
                0x0000000000000142       0x3a ./Core/Src/system_stm32h5xx.o
 .ARM.attributes
                0x000000000000017c       0x24 ./Core/Startup/startup_stm32h563zitx.o
 .ARM.attributes
                0x00000000000001a0       0x3a ./Drivers/STM32H5xx_HAL_Driver/Src/stm32h5xx_hal.o
 .ARM.attributes
                0x00000000000001da       0x3a ./Drivers/STM32H5xx_HAL_Driver/Src/stm32h5xx_hal_adc.o
 .ARM.attributes
                0x0000000000000214       0x3a ./Drivers/STM32H5xx_HAL_Driver/Src/stm32h5xx_hal_cortex.o
 .ARM.attributes
                0x000000000000024e       0x3a ./Drivers/STM32H5xx_HAL_Driver/Src/stm32h5xx_hal_eth.o
 .ARM.attributes
                0x0000000000000288       0x3a ./Drivers/STM32H5xx_HAL_Driver/Src/stm32h5xx_hal_gpio.o
 .ARM.attributes
                0x00000000000002c2       0x3a ./Drivers/STM32H5xx_HAL_Driver/Src/stm32h5xx_hal_i2c.o
 .ARM.attributes
                0x00000000000002fc       0x3a ./Drivers/STM32H5xx_HAL_Driver/Src/stm32h5xx_hal_i2c_ex.o
 .ARM.attributes
                0x0000000000000336       0x3a ./Drivers/STM32H5xx_HAL_Driver/Src/stm32h5xx_hal_icache.o
 .ARM.attributes
                0x0000000000000370       0x3a ./Drivers/STM32H5xx_HAL_Driver/Src/stm32h5xx_hal_pcd.o
 .ARM.attributes
                0x00000000000003aa       0x3a ./Drivers/STM32H5xx_HAL_Driver/Src/stm32h5xx_hal_pcd_ex.o
 .ARM.attributes
                0x00000000000003e4       0x3a ./Drivers/STM32H5xx_HAL_Driver/Src/stm32h5xx_hal_rcc.o
 .ARM.attributes
                0x000000000000041e       0x3a ./Drivers/STM32H5xx_HAL_Driver/Src/stm32h5xx_hal_rcc_ex.o
 .ARM.attributes
                0x0000000000000458       0x3a ./Drivers/STM32H5xx_HAL_Driver/Src/stm32h5xx_hal_uart.o
 .ARM.attributes
                0x0000000000000492       0x3a ./Drivers/STM32H5xx_HAL_Driver/Src/stm32h5xx_hal_uart_ex.o
 .ARM.attributes
                0x00000000000004cc       0x3a ./Drivers/STM32H5xx_HAL_Driver/Src/stm32h5xx_ll_gpio.o
 .ARM.attributes
                0x0000000000000506       0x3a ./Drivers/STM32H5xx_HAL_Driver/Src/stm32h5xx_ll_usb.o
 .ARM.attributes
                0x0000000000000540       0x38 d:/programme/st/stm32cubeide_1.9.0/stm32cubeide/plugins/com.st.stm32cube.ide.mcu.externaltools.gnu-tools-for-stm32.10.3-2021.10.win32_1.0.200.202301161003/tools/bin/../lib/gcc/arm-none-eabi/10.3.1/../../../../arm-none-eabi/lib/thumb/v8-m.main+fp/hard\libc_nano.a(lib_a-init.o)
 .ARM.attributes
                0x0000000000000578       0x38 d:/programme/st/stm32cubeide_1.9.0/stm32cubeide/plugins/com.st.stm32cube.ide.mcu.externaltools.gnu-tools-for-stm32.10.3-2021.10.win32_1.0.200.202301161003/tools/bin/../lib/gcc/arm-none-eabi/10.3.1/../../../../arm-none-eabi/lib/thumb/v8-m.main+fp/hard\libc_nano.a(lib_a-memset.o)
 .ARM.attributes
                0x00000000000005b0       0x22 d:/programme/st/stm32cubeide_1.9.0/stm32cubeide/plugins/com.st.stm32cube.ide.mcu.externaltools.gnu-tools-for-stm32.10.3-2021.10.win32_1.0.200.202301161003/tools/bin/../lib/gcc/arm-none-eabi/10.3.1/thumb/v8-m.main+fp/hard\libgcc.a(_aeabi_uldivmod.o)
 .ARM.attributes
                0x00000000000005d2       0x38 d:/programme/st/stm32cubeide_1.9.0/stm32cubeide/plugins/com.st.stm32cube.ide.mcu.externaltools.gnu-tools-for-stm32.10.3-2021.10.win32_1.0.200.202301161003/tools/bin/../lib/gcc/arm-none-eabi/10.3.1/thumb/v8-m.main+fp/hard\libgcc.a(_udivmoddi4.o)
 .ARM.attributes
                0x000000000000060a       0x22 d:/programme/st/stm32cubeide_1.9.0/stm32cubeide/plugins/com.st.stm32cube.ide.mcu.externaltools.gnu-tools-for-stm32.10.3-2021.10.win32_1.0.200.202301161003/tools/bin/../lib/gcc/arm-none-eabi/10.3.1/thumb/v8-m.main+fp/hard\libgcc.a(_dvmd_tls.o)
 .ARM.attributes
                0x000000000000062c       0x22 d:/programme/st/stm32cubeide_1.9.0/stm32cubeide/plugins/com.st.stm32cube.ide.mcu.externaltools.gnu-tools-for-stm32.10.3-2021.10.win32_1.0.200.202301161003/tools/bin/../lib/gcc/arm-none-eabi/10.3.1/thumb/v8-m.main+fp/hard/crtn.o
OUTPUT(strathTest.elf elf32-littlearm)
LOAD linker stubs
LOAD d:/programme/st/stm32cubeide_1.9.0/stm32cubeide/plugins/com.st.stm32cube.ide.mcu.externaltools.gnu-tools-for-stm32.10.3-2021.10.win32_1.0.200.202301161003/tools/bin/../lib/gcc/arm-none-eabi/10.3.1/../../../../arm-none-eabi/lib/thumb/v8-m.main+fp/hard\libc.a
LOAD d:/programme/st/stm32cubeide_1.9.0/stm32cubeide/plugins/com.st.stm32cube.ide.mcu.externaltools.gnu-tools-for-stm32.10.3-2021.10.win32_1.0.200.202301161003/tools/bin/../lib/gcc/arm-none-eabi/10.3.1/../../../../arm-none-eabi/lib/thumb/v8-m.main+fp/hard\libm.a
LOAD d:/programme/st/stm32cubeide_1.9.0/stm32cubeide/plugins/com.st.stm32cube.ide.mcu.externaltools.gnu-tools-for-stm32.10.3-2021.10.win32_1.0.200.202301161003/tools/bin/../lib/gcc/arm-none-eabi/10.3.1/thumb/v8-m.main+fp/hard\libgcc.a

.debug_info     0x0000000000000000    0x1efcb
 .debug_info    0x0000000000000000     0x346c ./Core/Src/main.o
 .debug_info    0x000000000000346c      0x9a2 ./Core/Src/sensors.o
 .debug_info    0x0000000000003e0e     0x3094 ./Core/Src/stm32h5xx_hal_msp.o
 .debug_info    0x0000000000006ea2      0x17b ./Core/Src/stm32h5xx_it.o
 .debug_info    0x000000000000701d      0xd57 ./Core/Src/system_stm32h5xx.o
 .debug_info    0x0000000000007d74       0x22 ./Core/Startup/startup_stm32h563zitx.o
 .debug_info    0x0000000000007d96     0x1361 ./Drivers/STM32H5xx_HAL_Driver/Src/stm32h5xx_hal.o
 .debug_info    0x00000000000090f7     0x248f ./Drivers/STM32H5xx_HAL_Driver/Src/stm32h5xx_hal_adc.o
 .debug_info    0x000000000000b586     0x15d7 ./Drivers/STM32H5xx_HAL_Driver/Src/stm32h5xx_hal_cortex.o
 .debug_info    0x000000000000cb5d     0x2bed ./Drivers/STM32H5xx_HAL_Driver/Src/stm32h5xx_hal_eth.o
 .debug_info    0x000000000000f74a      0x742 ./Drivers/STM32H5xx_HAL_Driver/Src/stm32h5xx_hal_gpio.o
 .debug_info    0x000000000000fe8c     0x250e ./Drivers/STM32H5xx_HAL_Driver/Src/stm32h5xx_hal_i2c.o
 .debug_info    0x000000000001239a      0x971 ./Drivers/STM32H5xx_HAL_Driver/Src/stm32h5xx_hal_i2c_ex.o
 .debug_info    0x0000000000012d0b      0x537 ./Drivers/STM32H5xx_HAL_Driver/Src/stm32h5xx_hal_icache.o
 .debug_info    0x0000000000013242     0x1508 ./Drivers/STM32H5xx_HAL_Driver/Src/stm32h5xx_hal_pcd.o
 .debug_info    0x000000000001474a      0x827 ./Drivers/STM32H5xx_HAL_Driver/Src/stm32h5xx_hal_pcd_ex.o
 .debug_info    0x0000000000014f71     0x126a ./Drivers/STM32H5xx_HAL_Driver/Src/stm32h5xx_hal_rcc.o
 .debug_info    0x00000000000161db     0x139a ./Drivers/STM32H5xx_HAL_Driver/Src/stm32h5xx_hal_rcc_ex.o
 .debug_info    0x0000000000017575     0x42a0 ./Drivers/STM32H5xx_HAL_Driver/Src/stm32h5xx_hal_uart.o
 .debug_info    0x000000000001b815     0x119f ./Drivers/STM32H5xx_HAL_Driver/Src/stm32h5xx_hal_uart_ex.o
 .debug_info    0x000000000001c9b4      0xbf9 ./Drivers/STM32H5xx_HAL_Driver/Src/stm32h5xx_ll_gpio.o
 .debug_info    0x000000000001d5ad     0x1a1e ./Drivers/STM32H5xx_HAL_Driver/Src/stm32h5xx_ll_usb.o

.debug_abbrev   0x0000000000000000     0x303b
 .debug_abbrev  0x0000000000000000      0x32e ./Core/Src/main.o
 .debug_abbrev  0x000000000000032e      0x16b ./Core/Src/sensors.o
 .debug_abbrev  0x0000000000000499      0x261 ./Core/Src/stm32h5xx_hal_msp.o
 .debug_abbrev  0x00000000000006fa       0xad ./Core/Src/stm32h5xx_it.o
 .debug_abbrev  0x00000000000007a7      0x138 ./Core/Src/system_stm32h5xx.o
 .debug_abbrev  0x00000000000008df       0x12 ./Core/Startup/startup_stm32h563zitx.o
 .debug_abbrev  0x00000000000008f1      0x28e ./Drivers/STM32H5xx_HAL_Driver/Src/stm32h5xx_hal.o
 .debug_abbrev  0x0000000000000b7f      0x2a5 ./Drivers/STM32H5xx_HAL_Driver/Src/stm32h5xx_hal_adc.o
 .debug_abbrev  0x0000000000000e24      0x303 ./Drivers/STM32H5xx_HAL_Driver/Src/stm32h5xx_hal_cortex.o
 .debug_abbrev  0x0000000000001127      0x2b3 ./Drivers/STM32H5xx_HAL_Driver/Src/stm32h5xx_hal_eth.o
 .debug_abbrev  0x00000000000013da      0x1ca ./Drivers/STM32H5xx_HAL_Driver/Src/stm32h5xx_hal_gpio.o
 .debug_abbrev  0x00000000000015a4      0x25c ./Drivers/STM32H5xx_HAL_Driver/Src/stm32h5xx_hal_i2c.o
 .debug_abbrev  0x0000000000001800      0x198 ./Drivers/STM32H5xx_HAL_Driver/Src/stm32h5xx_hal_i2c_ex.o
 .debug_abbrev  0x0000000000001998      0x21e ./Drivers/STM32H5xx_HAL_Driver/Src/stm32h5xx_hal_icache.o
 .debug_abbrev  0x0000000000001bb6      0x2f1 ./Drivers/STM32H5xx_HAL_Driver/Src/stm32h5xx_hal_pcd.o
 .debug_abbrev  0x0000000000001ea7      0x21d ./Drivers/STM32H5xx_HAL_Driver/Src/stm32h5xx_hal_pcd_ex.o
 .debug_abbrev  0x00000000000020c4      0x283 ./Drivers/STM32H5xx_HAL_Driver/Src/stm32h5xx_hal_rcc.o
 .debug_abbrev  0x0000000000002347      0x25a ./Drivers/STM32H5xx_HAL_Driver/Src/stm32h5xx_hal_rcc_ex.o
 .debug_abbrev  0x00000000000025a1      0x2f0 ./Drivers/STM32H5xx_HAL_Driver/Src/stm32h5xx_hal_uart.o
 .debug_abbrev  0x0000000000002891      0x2bd ./Drivers/STM32H5xx_HAL_Driver/Src/stm32h5xx_hal_uart_ex.o
 .debug_abbrev  0x0000000000002b4e      0x24a ./Drivers/STM32H5xx_HAL_Driver/Src/stm32h5xx_ll_gpio.o
 .debug_abbrev  0x0000000000002d98      0x2a3 ./Drivers/STM32H5xx_HAL_Driver/Src/stm32h5xx_ll_usb.o

.debug_aranges  0x0000000000000000     0x14c8
 .debug_aranges
                0x0000000000000000       0x88 ./Core/Src/main.o
 .debug_aranges
                0x0000000000000088       0x28 ./Core/Src/sensors.o
 .debug_aranges
                0x00000000000000b0       0x70 ./Core/Src/stm32h5xx_hal_msp.o
 .debug_aranges
                0x0000000000000120       0x60 ./Core/Src/stm32h5xx_it.o
 .debug_aranges
                0x0000000000000180       0x28 ./Core/Src/system_stm32h5xx.o
 .debug_aranges
                0x00000000000001a8       0x28 ./Core/Startup/startup_stm32h563zitx.o
 .debug_aranges
                0x00000000000001d0      0x1c8 ./Drivers/STM32H5xx_HAL_Driver/Src/stm32h5xx_hal.o
 .debug_aranges
                0x0000000000000398      0x258 ./Drivers/STM32H5xx_HAL_Driver/Src/stm32h5xx_hal_adc.o
 .debug_aranges
                0x00000000000005f0      0x130 ./Drivers/STM32H5xx_HAL_Driver/Src/stm32h5xx_hal_cortex.o
 .debug_aranges
                0x0000000000000720      0x1d8 ./Drivers/STM32H5xx_HAL_Driver/Src/stm32h5xx_hal_eth.o
 .debug_aranges
                0x00000000000008f8       0x78 ./Drivers/STM32H5xx_HAL_Driver/Src/stm32h5xx_hal_gpio.o
 .debug_aranges
                0x0000000000000970      0x2a0 ./Drivers/STM32H5xx_HAL_Driver/Src/stm32h5xx_hal_i2c.o
 .debug_aranges
                0x0000000000000c10       0x40 ./Drivers/STM32H5xx_HAL_Driver/Src/stm32h5xx_hal_i2c_ex.o
 .debug_aranges
                0x0000000000000c50       0xa8 ./Drivers/STM32H5xx_HAL_Driver/Src/stm32h5xx_hal_icache.o
 .debug_aranges
                0x0000000000000cf8      0x150 ./Drivers/STM32H5xx_HAL_Driver/Src/stm32h5xx_hal_pcd.o
 .debug_aranges
                0x0000000000000e48       0x58 ./Drivers/STM32H5xx_HAL_Driver/Src/stm32h5xx_hal_pcd_ex.o
 .debug_aranges
                0x0000000000000ea0       0xa0 ./Drivers/STM32H5xx_HAL_Driver/Src/stm32h5xx_hal_rcc.o
 .debug_aranges
                0x0000000000000f40      0x108 ./Drivers/STM32H5xx_HAL_Driver/Src/stm32h5xx_hal_rcc_ex.o
 .debug_aranges
                0x0000000000001048      0x248 ./Drivers/STM32H5xx_HAL_Driver/Src/stm32h5xx_hal_uart.o
 .debug_aranges
                0x0000000000001290       0xa8 ./Drivers/STM32H5xx_HAL_Driver/Src/stm32h5xx_hal_uart_ex.o
 .debug_aranges
                0x0000000000001338       0x70 ./Drivers/STM32H5xx_HAL_Driver/Src/stm32h5xx_ll_gpio.o
 .debug_aranges
                0x00000000000013a8      0x120 ./Drivers/STM32H5xx_HAL_Driver/Src/stm32h5xx_ll_usb.o

.debug_ranges   0x0000000000000000     0x13a0
 .debug_ranges  0x0000000000000000       0x78 ./Core/Src/main.o
 .debug_ranges  0x0000000000000078       0x18 ./Core/Src/sensors.o
 .debug_ranges  0x0000000000000090       0x60 ./Core/Src/stm32h5xx_hal_msp.o
 .debug_ranges  0x00000000000000f0       0x50 ./Core/Src/stm32h5xx_it.o
 .debug_ranges  0x0000000000000140       0x18 ./Core/Src/system_stm32h5xx.o
 .debug_ranges  0x0000000000000158       0x20 ./Core/Startup/startup_stm32h563zitx.o
 .debug_ranges  0x0000000000000178      0x1b8 ./Drivers/STM32H5xx_HAL_Driver/Src/stm32h5xx_hal.o
 .debug_ranges  0x0000000000000330      0x248 ./Drivers/STM32H5xx_HAL_Driver/Src/stm32h5xx_hal_adc.o
 .debug_ranges  0x0000000000000578      0x120 ./Drivers/STM32H5xx_HAL_Driver/Src/stm32h5xx_hal_cortex.o
 .debug_ranges  0x0000000000000698      0x1c8 ./Drivers/STM32H5xx_HAL_Driver/Src/stm32h5xx_hal_eth.o
 .debug_ranges  0x0000000000000860       0x68 ./Drivers/STM32H5xx_HAL_Driver/Src/stm32h5xx_hal_gpio.o
 .debug_ranges  0x00000000000008c8      0x290 ./Drivers/STM32H5xx_HAL_Driver/Src/stm32h5xx_hal_i2c.o
 .debug_ranges  0x0000000000000b58       0x30 ./Drivers/STM32H5xx_HAL_Driver/Src/stm32h5xx_hal_i2c_ex.o
 .debug_ranges  0x0000000000000b88       0x98 ./Drivers/STM32H5xx_HAL_Driver/Src/stm32h5xx_hal_icache.o
 .debug_ranges  0x0000000000000c20      0x140 ./Drivers/STM32H5xx_HAL_Driver/Src/stm32h5xx_hal_pcd.o
 .debug_ranges  0x0000000000000d60       0x48 ./Drivers/STM32H5xx_HAL_Driver/Src/stm32h5xx_hal_pcd_ex.o
 .debug_ranges  0x0000000000000da8       0x90 ./Drivers/STM32H5xx_HAL_Driver/Src/stm32h5xx_hal_rcc.o
 .debug_ranges  0x0000000000000e38       0xf8 ./Drivers/STM32H5xx_HAL_Driver/Src/stm32h5xx_hal_rcc_ex.o
 .debug_ranges  0x0000000000000f30      0x268 ./Drivers/STM32H5xx_HAL_Driver/Src/stm32h5xx_hal_uart.o
 .debug_ranges  0x0000000000001198       0x98 ./Drivers/STM32H5xx_HAL_Driver/Src/stm32h5xx_hal_uart_ex.o
 .debug_ranges  0x0000000000001230       0x60 ./Drivers/STM32H5xx_HAL_Driver/Src/stm32h5xx_ll_gpio.o
 .debug_ranges  0x0000000000001290      0x110 ./Drivers/STM32H5xx_HAL_Driver/Src/stm32h5xx_ll_usb.o

.debug_macro    0x0000000000000000    0x36cd5
 .debug_macro   0x0000000000000000      0x37a ./Core/Src/main.o
 .debug_macro   0x000000000000037a      0xa84 ./Core/Src/main.o
 .debug_macro   0x0000000000000dfe      0x1e2 ./Core/Src/main.o
 .debug_macro   0x0000000000000fe0       0x22 ./Core/Src/main.o
 .debug_macro   0x0000000000001002       0x4c ./Core/Src/main.o
 .debug_macro   0x000000000000104e       0x1e ./Core/Src/main.o
 .debug_macro   0x000000000000106c       0x94 ./Core/Src/main.o
 .debug_macro   0x0000000000001100       0x3c ./Core/Src/main.o
 .debug_macro   0x000000000000113c       0x34 ./Core/Src/main.o
 .debug_macro   0x0000000000001170      0x174 ./Core/Src/main.o
 .debug_macro   0x00000000000012e4       0x16 ./Core/Src/main.o
 .debug_macro   0x00000000000012fa       0x43 ./Core/Src/main.o
 .debug_macro   0x000000000000133d       0x57 ./Core/Src/main.o
 .debug_macro   0x0000000000001394       0x34 ./Core/Src/main.o
 .debug_macro   0x00000000000013c8       0x10 ./Core/Src/main.o
 .debug_macro   0x00000000000013d8       0x58 ./Core/Src/main.o
 .debug_macro   0x0000000000001430       0x71 ./Core/Src/main.o
 .debug_macro   0x00000000000014a1       0x1c ./Core/Src/main.o
 .debug_macro   0x00000000000014bd      0x12a ./Core/Src/main.o
 .debug_macro   0x00000000000015e7      0x341 ./Core/Src/main.o
 .debug_macro   0x0000000000001928      0x19b ./Core/Src/main.o
 .debug_macro   0x0000000000001ac3       0x28 ./Core/Src/main.o
 .debug_macro   0x0000000000001aeb       0x49 ./Core/Src/main.o
 .debug_macro   0x0000000000001b34      0x103 ./Core/Src/main.o
 .debug_macro   0x0000000000001c37       0x6a ./Core/Src/main.o
 .debug_macro   0x0000000000001ca1      0x1df ./Core/Src/main.o
 .debug_macro   0x0000000000001e80       0x1c ./Core/Src/main.o
 .debug_macro   0x0000000000001e9c       0x29 ./Core/Src/main.o
 .debug_macro   0x0000000000001ec5       0xfb ./Core/Src/main.o
 .debug_macro   0x0000000000001fc0     0x1336 ./Core/Src/main.o
 .debug_macro   0x00000000000032f6       0x5e ./Core/Src/main.o
 .debug_macro   0x0000000000003354    0x2090a ./Core/Src/main.o
 .debug_macro   0x0000000000023c5e       0x6d ./Core/Src/main.o
 .debug_macro   0x0000000000023ccb     0x387c ./Core/Src/main.o
 .debug_macro   0x0000000000027547       0x63 ./Core/Src/main.o
 .debug_macro   0x00000000000275aa     0x1ee3 ./Core/Src/main.o
 .debug_macro   0x000000000002948d      0xe96 ./Core/Src/main.o
 .debug_macro   0x000000000002a323      0x15f ./Core/Src/main.o
 .debug_macro   0x000000000002a482      0x2ff ./Core/Src/main.o
 .debug_macro   0x000000000002a781       0xca ./Core/Src/main.o
 .debug_macro   0x000000000002a84b      0x917 ./Core/Src/main.o
 .debug_macro   0x000000000002b162      0x478 ./Core/Src/main.o
 .debug_macro   0x000000000002b5da       0xd6 ./Core/Src/main.o
 .debug_macro   0x000000000002b6b0      0x1ce ./Core/Src/main.o
 .debug_macro   0x000000000002b87e      0xf7c ./Core/Src/main.o
 .debug_macro   0x000000000002c7fa      0x66a ./Core/Src/main.o
 .debug_macro   0x000000000002ce64      0x30c ./Core/Src/main.o
 .debug_macro   0x000000000002d170      0x554 ./Core/Src/main.o
 .debug_macro   0x000000000002d6c4      0x5eb ./Core/Src/main.o
 .debug_macro   0x000000000002dcaf       0x74 ./Core/Src/main.o
 .debug_macro   0x000000000002dd23      0x22c ./Core/Src/main.o
 .debug_macro   0x000000000002df4f       0x35 ./Core/Src/main.o
 .debug_macro   0x000000000002df84       0xa5 ./Core/Src/main.o
 .debug_macro   0x000000000002e029      0x313 ./Core/Src/main.o
 .debug_macro   0x000000000002e33c      0x1bb ./Core/Src/main.o
 .debug_macro   0x000000000002e4f7      0x693 ./Core/Src/main.o
 .debug_macro   0x000000000002eb8a       0xa6 ./Core/Src/main.o
 .debug_macro   0x000000000002ec30      0x21e ./Core/Src/main.o
 .debug_macro   0x000000000002ee4e      0x169 ./Core/Src/main.o
 .debug_macro   0x000000000002efb7      0x2a0 ./Core/Src/main.o
 .debug_macro   0x000000000002f257      0xa8c ./Core/Src/main.o
 .debug_macro   0x000000000002fce3      0x129 ./Core/Src/main.o
 .debug_macro   0x000000000002fe0c      0x470 ./Core/Src/main.o
 .debug_macro   0x000000000003027c      0x2b6 ./Core/Src/main.o
 .debug_macro   0x0000000000030532      0x2d3 ./Core/Src/main.o
 .debug_macro   0x0000000000030805      0x159 ./Core/Src/main.o
 .debug_macro   0x000000000003095e      0xdbc ./Core/Src/main.o
 .debug_macro   0x000000000003171a      0x24f ./Core/Src/main.o
 .debug_macro   0x0000000000031969       0xa7 ./Core/Src/main.o
 .debug_macro   0x0000000000031a10      0x281 ./Core/Src/main.o
 .debug_macro   0x0000000000031c91      0x167 ./Core/Src/main.o
 .debug_macro   0x0000000000031df8      0xc49 ./Core/Src/main.o
 .debug_macro   0x0000000000032a41      0x28c ./Core/Src/main.o
 .debug_macro   0x0000000000032ccd      0x199 ./Core/Src/main.o
 .debug_macro   0x0000000000032e66       0x16 ./Core/Src/main.o
 .debug_macro   0x0000000000032e7c       0x35 ./Core/Src/main.o
 .debug_macro   0x0000000000032eb1       0x20 ./Core/Src/main.o
 .debug_macro   0x0000000000032ed1      0x2d7 ./Core/Src/sensors.o
 .debug_macro   0x00000000000331a8      0x34a ./Core/Src/stm32h5xx_hal_msp.o
 .debug_macro   0x00000000000334f2      0x354 ./Core/Src/stm32h5xx_it.o
 .debug_macro   0x0000000000033846      0x2de ./Core/Src/system_stm32h5xx.o
 .debug_macro   0x0000000000033b24      0x2fb ./Drivers/STM32H5xx_HAL_Driver/Src/stm32h5xx_hal.o
 .debug_macro   0x0000000000033e1f      0x2f4 ./Drivers/STM32H5xx_HAL_Driver/Src/stm32h5xx_hal_adc.o
 .debug_macro   0x0000000000034113      0x2d7 ./Drivers/STM32H5xx_HAL_Driver/Src/stm32h5xx_hal_cortex.o
 .debug_macro   0x00000000000343ea      0x36b ./Drivers/STM32H5xx_HAL_Driver/Src/stm32h5xx_hal_eth.o
 .debug_macro   0x0000000000034755      0x30d ./Drivers/STM32H5xx_HAL_Driver/Src/stm32h5xx_hal_gpio.o
 .debug_macro   0x0000000000034a62      0x3a3 ./Drivers/STM32H5xx_HAL_Driver/Src/stm32h5xx_hal_i2c.o
 .debug_macro   0x0000000000034e05      0x2d7 ./Drivers/STM32H5xx_HAL_Driver/Src/stm32h5xx_hal_i2c_ex.o
 .debug_macro   0x00000000000350dc      0x307 ./Drivers/STM32H5xx_HAL_Driver/Src/stm32h5xx_hal_icache.o
 .debug_macro   0x00000000000353e3      0x2e3 ./Drivers/STM32H5xx_HAL_Driver/Src/stm32h5xx_hal_pcd.o
 .debug_macro   0x00000000000356c6      0x2d7 ./Drivers/STM32H5xx_HAL_Driver/Src/stm32h5xx_hal_pcd_ex.o
 .debug_macro   0x000000000003599d      0x319 ./Drivers/STM32H5xx_HAL_Driver/Src/stm32h5xx_hal_rcc.o
 .debug_macro   0x0000000000035cb6      0x2e9 ./Drivers/STM32H5xx_HAL_Driver/Src/stm32h5xx_hal_rcc_ex.o
 .debug_macro   0x0000000000035f9f      0x302 ./Drivers/STM32H5xx_HAL_Driver/Src/stm32h5xx_hal_uart.o
 .debug_macro   0x00000000000362a1      0x2e3 ./Drivers/STM32H5xx_HAL_Driver/Src/stm32h5xx_hal_uart_ex.o
 .debug_macro   0x0000000000036584      0x319 ./Drivers/STM32H5xx_HAL_Driver/Src/stm32h5xx_ll_gpio.o
 .debug_macro   0x000000000003689d      0x161 ./Drivers/STM32H5xx_HAL_Driver/Src/stm32h5xx_ll_gpio.o
 .debug_macro   0x00000000000369fe      0x2d7 ./Drivers/STM32H5xx_HAL_Driver/Src/stm32h5xx_ll_usb.o

.debug_line     0x0000000000000000    0x1c4e6
 .debug_line    0x0000000000000000      0xe7d ./Core/Src/main.o
 .debug_line    0x0000000000000e7d      0x94e ./Core/Src/sensors.o
 .debug_line    0x00000000000017cb      0xc3a ./Core/Src/stm32h5xx_hal_msp.o
 .debug_line    0x0000000000002405      0xab2 ./Core/Src/stm32h5xx_it.o
 .debug_line    0x0000000000002eb7      0xa6c ./Core/Src/system_stm32h5xx.o
 .debug_line    0x0000000000003923       0x89 ./Core/Startup/startup_stm32h563zitx.o
 .debug_line    0x00000000000039ac      0xf0b ./Drivers/STM32H5xx_HAL_Driver/Src/stm32h5xx_hal.o
 .debug_line    0x00000000000048b7     0x21cd ./Drivers/STM32H5xx_HAL_Driver/Src/stm32h5xx_hal_adc.o
 .debug_line    0x0000000000006a84      0xf03 ./Drivers/STM32H5xx_HAL_Driver/Src/stm32h5xx_hal_cortex.o
 .debug_line    0x0000000000007987     0x1bfb ./Drivers/STM32H5xx_HAL_Driver/Src/stm32h5xx_hal_eth.o
 .debug_line    0x0000000000009582      0xcdc ./Drivers/STM32H5xx_HAL_Driver/Src/stm32h5xx_hal_gpio.o
 .debug_line    0x000000000000a25e     0x3d28 ./Drivers/STM32H5xx_HAL_Driver/Src/stm32h5xx_hal_i2c.o
 .debug_line    0x000000000000df86      0xb4b ./Drivers/STM32H5xx_HAL_Driver/Src/stm32h5xx_hal_i2c_ex.o
 .debug_line    0x000000000000ead1      0xbe6 ./Drivers/STM32H5xx_HAL_Driver/Src/stm32h5xx_hal_icache.o
 .debug_line    0x000000000000f6b7     0x15ff ./Drivers/STM32H5xx_HAL_Driver/Src/stm32h5xx_hal_pcd.o
 .debug_line    0x0000000000010cb6      0xa60 ./Drivers/STM32H5xx_HAL_Driver/Src/stm32h5xx_hal_pcd_ex.o
 .debug_line    0x0000000000011716     0x1374 ./Drivers/STM32H5xx_HAL_Driver/Src/stm32h5xx_hal_rcc.o
 .debug_line    0x0000000000012a8a     0x2de8 ./Drivers/STM32H5xx_HAL_Driver/Src/stm32h5xx_hal_rcc_ex.o
 .debug_line    0x0000000000015872     0x3a86 ./Drivers/STM32H5xx_HAL_Driver/Src/stm32h5xx_hal_uart.o
 .debug_line    0x00000000000192f8      0xf47 ./Drivers/STM32H5xx_HAL_Driver/Src/stm32h5xx_hal_uart_ex.o
 .debug_line    0x000000000001a23f      0xc44 ./Drivers/STM32H5xx_HAL_Driver/Src/stm32h5xx_ll_gpio.o
 .debug_line    0x000000000001ae83     0x1663 ./Drivers/STM32H5xx_HAL_Driver/Src/stm32h5xx_ll_usb.o

.debug_str      0x0000000000000000   0x15c371
 .debug_str     0x0000000000000000   0x1549f0 ./Core/Src/main.o
                                     0x1587f0 (size before relaxing)
 .debug_str     0x00000000001549f0       0x4f ./Core/Src/sensors.o
                                     0x1414ac (size before relaxing)
 .debug_str     0x0000000000154a3f      0x58d ./Core/Src/stm32h5xx_hal_msp.o
                                     0x15868f (size before relaxing)
 .debug_str     0x0000000000154fcc       0xc9 ./Core/Src/stm32h5xx_it.o
                                     0x1567d3 (size before relaxing)
 .debug_str     0x0000000000155095      0x432 ./Core/Src/system_stm32h5xx.o
                                     0x1413fc (size before relaxing)
 .debug_str     0x00000000001554c7       0x36 ./Core/Startup/startup_stm32h563zitx.o
                                         0x74 (size before relaxing)
 .debug_str     0x00000000001554fd      0xf07 ./Drivers/STM32H5xx_HAL_Driver/Src/stm32h5xx_hal.o
                                     0x1420dc (size before relaxing)
 .debug_str     0x0000000000156404      0xcbf ./Drivers/STM32H5xx_HAL_Driver/Src/stm32h5xx_hal_adc.o
                                     0x142243 (size before relaxing)
 .debug_str     0x00000000001570c3      0x3bf ./Drivers/STM32H5xx_HAL_Driver/Src/stm32h5xx_hal_cortex.o
                                     0x141d6a (size before relaxing)
 .debug_str     0x0000000000157482     0x105d ./Drivers/STM32H5xx_HAL_Driver/Src/stm32h5xx_hal_eth.o
                                     0x142b83 (size before relaxing)
 .debug_str     0x00000000001584df      0x22b ./Drivers/STM32H5xx_HAL_Driver/Src/stm32h5xx_hal_gpio.o
                                     0x141172 (size before relaxing)
 .debug_str     0x000000000015870a      0xebb ./Drivers/STM32H5xx_HAL_Driver/Src/stm32h5xx_hal_i2c.o
                                     0x1423ce (size before relaxing)
 .debug_str     0x00000000001595c5       0x87 ./Drivers/STM32H5xx_HAL_Driver/Src/stm32h5xx_hal_i2c_ex.o
                                     0x14150b (size before relaxing)
 .debug_str     0x000000000015964c      0x684 ./Drivers/STM32H5xx_HAL_Driver/Src/stm32h5xx_hal_icache.o
                                     0x14149b (size before relaxing)
 .debug_str     0x0000000000159cd0      0x57b ./Drivers/STM32H5xx_HAL_Driver/Src/stm32h5xx_hal_pcd.o
                                     0x141752 (size before relaxing)
 .debug_str     0x000000000015a24b      0x186 ./Drivers/STM32H5xx_HAL_Driver/Src/stm32h5xx_hal_pcd_ex.o
                                     0x141369 (size before relaxing)
 .debug_str     0x000000000015a3d1      0x36f ./Drivers/STM32H5xx_HAL_Driver/Src/stm32h5xx_hal_rcc.o
                                     0x141952 (size before relaxing)
 .debug_str     0x000000000015a740      0x6bf ./Drivers/STM32H5xx_HAL_Driver/Src/stm32h5xx_hal_rcc_ex.o
                                     0x141c9c (size before relaxing)
 .debug_str     0x000000000015adff      0x932 ./Drivers/STM32H5xx_HAL_Driver/Src/stm32h5xx_hal_uart.o
                                     0x141e53 (size before relaxing)
 .debug_str     0x000000000015b731      0x25f ./Drivers/STM32H5xx_HAL_Driver/Src/stm32h5xx_hal_uart_ex.o
                                     0x141824 (size before relaxing)
 .debug_str     0x000000000015b990      0x658 ./Drivers/STM32H5xx_HAL_Driver/Src/stm32h5xx_ll_gpio.o
                                     0x14316a (size before relaxing)
 .debug_str     0x000000000015bfe8      0x389 ./Drivers/STM32H5xx_HAL_Driver/Src/stm32h5xx_ll_usb.o
                                     0x141520 (size before relaxing)

.comment        0x0000000000000000       0x50
 .comment       0x0000000000000000       0x50 ./Core/Src/main.o
                                         0x51 (size before relaxing)
 .comment       0x0000000000000050       0x51 ./Core/Src/sensors.o
 .comment       0x0000000000000050       0x51 ./Core/Src/stm32h5xx_hal_msp.o
 .comment       0x0000000000000050       0x51 ./Core/Src/stm32h5xx_it.o
 .comment       0x0000000000000050       0x51 ./Core/Src/system_stm32h5xx.o
 .comment       0x0000000000000050       0x51 ./Drivers/STM32H5xx_HAL_Driver/Src/stm32h5xx_hal.o
 .comment       0x0000000000000050       0x51 ./Drivers/STM32H5xx_HAL_Driver/Src/stm32h5xx_hal_adc.o
 .comment       0x0000000000000050       0x51 ./Drivers/STM32H5xx_HAL_Driver/Src/stm32h5xx_hal_cortex.o
 .comment       0x0000000000000050       0x51 ./Drivers/STM32H5xx_HAL_Driver/Src/stm32h5xx_hal_eth.o
 .comment       0x0000000000000050       0x51 ./Drivers/STM32H5xx_HAL_Driver/Src/stm32h5xx_hal_gpio.o
 .comment       0x0000000000000050       0x51 ./Drivers/STM32H5xx_HAL_Driver/Src/stm32h5xx_hal_i2c.o
 .comment       0x0000000000000050       0x51 ./Drivers/STM32H5xx_HAL_Driver/Src/stm32h5xx_hal_i2c_ex.o
 .comment       0x0000000000000050       0x51 ./Drivers/STM32H5xx_HAL_Driver/Src/stm32h5xx_hal_icache.o
 .comment       0x0000000000000050       0x51 ./Drivers/STM32H5xx_HAL_Driver/Src/stm32h5xx_hal_pcd.o
 .comment       0x0000000000000050       0x51 ./Drivers/STM32H5xx_HAL_Driver/Src/stm32h5xx_hal_pcd_ex.o
 .comment       0x0000000000000050       0x51 ./Drivers/STM32H5xx_HAL_Driver/Src/stm32h5xx_hal_rcc.o
 .comment       0x0000000000000050       0x51 ./Drivers/STM32H5xx_HAL_Driver/Src/stm32h5xx_hal_rcc_ex.o
 .comment       0x0000000000000050       0x51 ./Drivers/STM32H5xx_HAL_Driver/Src/stm32h5xx_hal_uart.o
 .comment       0x0000000000000050       0x51 ./Drivers/STM32H5xx_HAL_Driver/Src/stm32h5xx_hal_uart_ex.o
 .comment       0x0000000000000050       0x51 ./Drivers/STM32H5xx_HAL_Driver/Src/stm32h5xx_ll_gpio.o
 .comment       0x0000000000000050       0x51 ./Drivers/STM32H5xx_HAL_Driver/Src/stm32h5xx_ll_usb.o

.debug_frame    0x0000000000000000     0x59d0
 .debug_frame   0x0000000000000000      0x1d0 ./Core/Src/main.o
 .debug_frame   0x00000000000001d0       0x58 ./Core/Src/sensors.o
 .debug_frame   0x0000000000000228      0x1a8 ./Core/Src/stm32h5xx_hal_msp.o
 .debug_frame   0x00000000000003d0      0x104 ./Core/Src/stm32h5xx_it.o
 .debug_frame   0x00000000000004d4       0x60 ./Core/Src/system_stm32h5xx.o
 .debug_frame   0x0000000000000534      0x738 ./Drivers/STM32H5xx_HAL_Driver/Src/stm32h5xx_hal.o
 .debug_frame   0x0000000000000c6c      0xb20 ./Drivers/STM32H5xx_HAL_Driver/Src/stm32h5xx_hal_adc.o
 .debug_frame   0x000000000000178c      0x508 ./Drivers/STM32H5xx_HAL_Driver/Src/stm32h5xx_hal_cortex.o
 .debug_frame   0x0000000000001c94      0x898 ./Drivers/STM32H5xx_HAL_Driver/Src/stm32h5xx_hal_eth.o
 .debug_frame   0x000000000000252c      0x1ec ./Drivers/STM32H5xx_HAL_Driver/Src/stm32h5xx_hal_gpio.o
 .debug_frame   0x0000000000002718      0xc44 ./Drivers/STM32H5xx_HAL_Driver/Src/stm32h5xx_hal_i2c.o
 .debug_frame   0x000000000000335c       0xd8 ./Drivers/STM32H5xx_HAL_Driver/Src/stm32h5xx_hal_i2c_ex.o
 .debug_frame   0x0000000000003434      0x29c ./Drivers/STM32H5xx_HAL_Driver/Src/stm32h5xx_hal_icache.o
 .debug_frame   0x00000000000036d0      0x5e8 ./Drivers/STM32H5xx_HAL_Driver/Src/stm32h5xx_hal_pcd.o
 .debug_frame   0x0000000000003cb8      0x14c ./Drivers/STM32H5xx_HAL_Driver/Src/stm32h5xx_hal_pcd_ex.o
 .debug_frame   0x0000000000003e04      0x268 ./Drivers/STM32H5xx_HAL_Driver/Src/stm32h5xx_hal_rcc.o
 .debug_frame   0x000000000000406c      0x470 ./Drivers/STM32H5xx_HAL_Driver/Src/stm32h5xx_hal_rcc_ex.o
 .debug_frame   0x00000000000044dc      0xa84 ./Drivers/STM32H5xx_HAL_Driver/Src/stm32h5xx_hal_uart.o
 .debug_frame   0x0000000000004f60      0x2c0 ./Drivers/STM32H5xx_HAL_Driver/Src/stm32h5xx_hal_uart_ex.o
 .debug_frame   0x0000000000005220      0x1c0 ./Drivers/STM32H5xx_HAL_Driver/Src/stm32h5xx_ll_gpio.o
 .debug_frame   0x00000000000053e0      0x540 ./Drivers/STM32H5xx_HAL_Driver/Src/stm32h5xx_ll_usb.o
 .debug_frame   0x0000000000005920       0x2c d:/programme/st/stm32cubeide_1.9.0/stm32cubeide/plugins/com.st.stm32cube.ide.mcu.externaltools.gnu-tools-for-stm32.10.3-2021.10.win32_1.0.200.202301161003/tools/bin/../lib/gcc/arm-none-eabi/10.3.1/../../../../arm-none-eabi/lib/thumb/v8-m.main+fp/hard\libc_nano.a(lib_a-init.o)
 .debug_frame   0x000000000000594c       0x20 d:/programme/st/stm32cubeide_1.9.0/stm32cubeide/plugins/com.st.stm32cube.ide.mcu.externaltools.gnu-tools-for-stm32.10.3-2021.10.win32_1.0.200.202301161003/tools/bin/../lib/gcc/arm-none-eabi/10.3.1/../../../../arm-none-eabi/lib/thumb/v8-m.main+fp/hard\libc_nano.a(lib_a-memset.o)
 .debug_frame   0x000000000000596c       0x2c d:/programme/st/stm32cubeide_1.9.0/stm32cubeide/plugins/com.st.stm32cube.ide.mcu.externaltools.gnu-tools-for-stm32.10.3-2021.10.win32_1.0.200.202301161003/tools/bin/../lib/gcc/arm-none-eabi/10.3.1/thumb/v8-m.main+fp/hard\libgcc.a(_aeabi_uldivmod.o)
 .debug_frame   0x0000000000005998       0x38 d:/programme/st/stm32cubeide_1.9.0/stm32cubeide/plugins/com.st.stm32cube.ide.mcu.externaltools.gnu-tools-for-stm32.10.3-2021.10.win32_1.0.200.202301161003/tools/bin/../lib/gcc/arm-none-eabi/10.3.1/thumb/v8-m.main+fp/hard\libgcc.a(_udivmoddi4.o)
