../Core/Src/main.c:79:5:main	8	static
../Core/Src/main.c:155:6:SystemClock_Config	88	static
../Core/Src/main.c:202:13:MX_ADC1_Init	56	static
../Core/Src/main.c:270:13:MX_ADC2_Init	40	static
../Core/Src/main.c:329:13:MX_I2C2_Init	8	static
../Core/Src/main.c:377:13:MX_TIM1_Init	104	static
../Core/Src/main.c:453:13:MX_TIM3_Init	48	static
../Core/Src/main.c:506:13:MX_USART2_UART_Init	8	static
../Core/Src/main.c:554:13:MX_GPIO_Init	40	static
../Core/Src/main.c:585:6:moveBackwards	16	static
../Core/Src/main.c:592:6:moveForwards	16	static
../Core/Src/main.c:600:6:stopMotor	4	static
../Core/Src/main.c:605:6:Calibrate	8	static
../Core/Src/main.c:618:6:Straighten	8	static
../Core/Src/main.c:624:6:TurnLeft	8	static
../Core/Src/main.c:630:6:TurnRight	8	static
../Core/Src/main.c:642:6:Error_Handler	4	static,ignoring_inline_asm
