../Drivers/STM32H5xx_HAL_Driver/Inc/stm32h5xx_ll_bus.h:875:22:LL_AHB2_GRP1_EnableClock	24	static
../Drivers/STM32H5xx_HAL_Driver/Inc/stm32h5xx_ll_bus.h:1524:22:LL_APB1_GRP2_EnableClock	24	static
../Core/Src/main.c:88:5:main	48	static
../Core/Src/main.c:158:6:SystemClock_Config	120	static
../Core/Src/main.c:216:13:MX_ADC1_Init	40	static
../Core/Src/main.c:275:13:MX_ETH_Init	8	static
../Core/Src/main.c:324:13:MX_I2C2_Init	8	static
../Core/Src/main.c:372:13:MX_ICACHE_Init	8	static
../Core/Src/main.c:400:13:MX_LPUART1_UART_Init	8	static
../Core/Src/main.c:447:13:MX_USART3_UART_Init	8	static
../Core/Src/main.c:496:13:MX_UCPD1_Init	32	static
../Core/Src/main.c:532:13:MX_USB_PCD_Init	8	static
../Core/Src/main.c:569:13:MX_GPIO_Init	64	static
../Core/Src/main.c:639:6:Error_Handler	4	static,ignoring_inline_asm
